<?xml version="1.0" encoding="ISO-8859-1" ?>
<link_info>
   <banner>TI ARM Linker PC v20.2.7.LTS</banner>
   <copyright>Copyright (c) 1996-2018 Texas Instruments Incorporated</copyright>
   <link_time>0x69fbdd33</link_time>
   <link_errors>0x0</link_errors>
   <output_file>Line_Follower.out</output_file>
   <entry_point>
      <name>_c_int00_noargs</name>
      <address>0x2379</address>
   </entry_point>
   <input_file_list>
      <input_file id="fl-2">
         <path>.\</path>
         <kind>object</kind>
         <file>main.obj</file>
         <name>main.obj</name>
      </input_file>
      <input_file id="fl-3">
         <path>.\</path>
         <kind>object</kind>
         <file>print_tenth.obj</file>
         <name>print_tenth.obj</name>
      </input_file>
      <input_file id="fl-4">
         <path>.\</path>
         <kind>object</kind>
         <file>startup_msp432p401r_ccs.obj</file>
         <name>startup_msp432p401r_ccs.obj</name>
      </input_file>
      <input_file id="fl-5">
         <path>.\</path>
         <kind>object</kind>
         <file>system_msp432p401r.obj</file>
         <name>system_msp432p401r.obj</name>
      </input_file>
      <input_file id="fl-6">
         <path>.\src\</path>
         <kind>object</kind>
         <file>Bumper_Switches.obj</file>
         <name>Bumper_Switches.obj</name>
      </input_file>
      <input_file id="fl-7">
         <path>.\src\</path>
         <kind>object</kind>
         <file>Clock.obj</file>
         <name>Clock.obj</name>
      </input_file>
      <input_file id="fl-8">
         <path>.\src\</path>
         <kind>object</kind>
         <file>CortexM.obj</file>
         <name>CortexM.obj</name>
      </input_file>
      <input_file id="fl-9">
         <path>.\src\</path>
         <kind>object</kind>
         <file>EUSCI_A0_UART.obj</file>
         <name>EUSCI_A0_UART.obj</name>
      </input_file>
      <input_file id="fl-a">
         <path>.\src\</path>
         <kind>object</kind>
         <file>GPIO.obj</file>
         <name>GPIO.obj</name>
      </input_file>
      <input_file id="fl-b">
         <path>.\src\</path>
         <kind>object</kind>
         <file>Motor.obj</file>
         <name>Motor.obj</name>
      </input_file>
      <input_file id="fl-c">
         <path>.\src\</path>
         <kind>object</kind>
         <file>Print_Binary.obj</file>
         <name>Print_Binary.obj</name>
      </input_file>
      <input_file id="fl-d">
         <path>.\src\</path>
         <kind>object</kind>
         <file>Reflectance_Sensor.obj</file>
         <name>Reflectance_Sensor.obj</name>
      </input_file>
      <input_file id="fl-e">
         <path>.\src\</path>
         <kind>object</kind>
         <file>SysTick_Interrupt.obj</file>
         <name>SysTick_Interrupt.obj</name>
      </input_file>
      <input_file id="fl-f">
         <path>.\src\</path>
         <kind>object</kind>
         <file>Timer_A0_PWM.obj</file>
         <name>Timer_A0_PWM.obj</name>
      </input_file>
      <input_file id="fl-10">
         <path>.\src\</path>
         <kind>object</kind>
         <file>Timer_A1_Interrupt.obj</file>
         <name>Timer_A1_Interrupt.obj</name>
      </input_file>
      <input_file id="fl-14">
         <kind>object</kind>
         <file>&lt;internal&gt;</file>
         <name>&lt;internal&gt;</name>
      </input_file>
      <input_file id="fl-ca">
         <path>C:\ti\ccs1260\ccs\tools\compiler\ti-cgt-arm_20.2.7.LTS\lib\</path>
         <kind>archive</kind>
         <file>rtsv7M4_T_le_v4SPD16_eabi.lib</file>
         <name>printf.c.obj</name>
      </input_file>
      <input_file id="fl-cb">
         <path>C:\ti\ccs1260\ccs\tools\compiler\ti-cgt-arm_20.2.7.LTS\lib\</path>
         <kind>archive</kind>
         <file>rtsv7M4_T_le_v4SPD16_eabi.lib</file>
         <name>_printfi.c.obj</name>
      </input_file>
      <input_file id="fl-cc">
         <path>C:\ti\ccs1260\ccs\tools\compiler\ti-cgt-arm_20.2.7.LTS\lib\</path>
         <kind>archive</kind>
         <file>rtsv7M4_T_le_v4SPD16_eabi.lib</file>
         <name>fopen.c.obj</name>
      </input_file>
      <input_file id="fl-cd">
         <path>C:\ti\ccs1260\ccs\tools\compiler\ti-cgt-arm_20.2.7.LTS\lib\</path>
         <kind>archive</kind>
         <file>rtsv7M4_T_le_v4SPD16_eabi.lib</file>
         <name>fputc.c.obj</name>
      </input_file>
      <input_file id="fl-ce">
         <path>C:\ti\ccs1260\ccs\tools\compiler\ti-cgt-arm_20.2.7.LTS\lib\</path>
         <kind>archive</kind>
         <file>rtsv7M4_T_le_v4SPD16_eabi.lib</file>
         <name>fputs.c.obj</name>
      </input_file>
      <input_file id="fl-cf">
         <path>C:\ti\ccs1260\ccs\tools\compiler\ti-cgt-arm_20.2.7.LTS\lib\</path>
         <kind>archive</kind>
         <file>rtsv7M4_T_le_v4SPD16_eabi.lib</file>
         <name>_io_perm.c.obj</name>
      </input_file>
      <input_file id="fl-d0">
         <path>C:\ti\ccs1260\ccs\tools\compiler\ti-cgt-arm_20.2.7.LTS\lib\</path>
         <kind>archive</kind>
         <file>rtsv7M4_T_le_v4SPD16_eabi.lib</file>
         <name>setvbuf.c.obj</name>
      </input_file>
      <input_file id="fl-d1">
         <path>C:\ti\ccs1260\ccs\tools\compiler\ti-cgt-arm_20.2.7.LTS\lib\</path>
         <kind>archive</kind>
         <file>rtsv7M4_T_le_v4SPD16_eabi.lib</file>
         <name>fd_add_t2.asm.obj</name>
      </input_file>
      <input_file id="fl-d2">
         <path>C:\ti\ccs1260\ccs\tools\compiler\ti-cgt-arm_20.2.7.LTS\lib\</path>
         <kind>archive</kind>
         <file>rtsv7M4_T_le_v4SPD16_eabi.lib</file>
         <name>fd_cmp_t2.asm.obj</name>
      </input_file>
      <input_file id="fl-d3">
         <path>C:\ti\ccs1260\ccs\tools\compiler\ti-cgt-arm_20.2.7.LTS\lib\</path>
         <kind>archive</kind>
         <file>rtsv7M4_T_le_v4SPD16_eabi.lib</file>
         <name>fd_div_t2.asm.obj</name>
      </input_file>
      <input_file id="fl-d4">
         <path>C:\ti\ccs1260\ccs\tools\compiler\ti-cgt-arm_20.2.7.LTS\lib\</path>
         <kind>archive</kind>
         <file>rtsv7M4_T_le_v4SPD16_eabi.lib</file>
         <name>fd_mul_t2.asm.obj</name>
      </input_file>
      <input_file id="fl-d5">
         <path>C:\ti\ccs1260\ccs\tools\compiler\ti-cgt-arm_20.2.7.LTS\lib\</path>
         <kind>archive</kind>
         <file>rtsv7M4_T_le_v4SPD16_eabi.lib</file>
         <name>fd_toi_t2.asm.obj</name>
      </input_file>
      <input_file id="fl-d6">
         <path>C:\ti\ccs1260\ccs\tools\compiler\ti-cgt-arm_20.2.7.LTS\lib\</path>
         <kind>archive</kind>
         <file>rtsv7M4_T_le_v4SPD16_eabi.lib</file>
         <name>i_tofd_t2.asm.obj</name>
      </input_file>
      <input_file id="fl-d7">
         <path>C:\ti\ccs1260\ccs\tools\compiler\ti-cgt-arm_20.2.7.LTS\lib\</path>
         <kind>archive</kind>
         <file>rtsv7M4_T_le_v4SPD16_eabi.lib</file>
         <name>memcpy_t2.asm.obj</name>
      </input_file>
      <input_file id="fl-d8">
         <path>C:\ti\ccs1260\ccs\tools\compiler\ti-cgt-arm_20.2.7.LTS\lib\</path>
         <kind>archive</kind>
         <file>rtsv7M4_T_le_v4SPD16_eabi.lib</file>
         <name>memset_t2.asm.obj</name>
      </input_file>
      <input_file id="fl-d9">
         <path>C:\ti\ccs1260\ccs\tools\compiler\ti-cgt-arm_20.2.7.LTS\lib\</path>
         <kind>archive</kind>
         <file>rtsv7M4_T_le_v4SPD16_eabi.lib</file>
         <name>ull_div_t2.asm.obj</name>
      </input_file>
      <input_file id="fl-da">
         <path>C:\ti\ccs1260\ccs\tools\compiler\ti-cgt-arm_20.2.7.LTS\lib\</path>
         <kind>archive</kind>
         <file>rtsv7M4_T_le_v4SPD16_eabi.lib</file>
         <name>copy_zero_init.c.obj</name>
      </input_file>
      <input_file id="fl-db">
         <path>C:\ti\ccs1260\ccs\tools\compiler\ti-cgt-arm_20.2.7.LTS\lib\</path>
         <kind>archive</kind>
         <file>rtsv7M4_T_le_v4SPD16_eabi.lib</file>
         <name>copy_decompress_none.c.obj</name>
      </input_file>
      <input_file id="fl-dc">
         <path>C:\ti\ccs1260\ccs\tools\compiler\ti-cgt-arm_20.2.7.LTS\lib\</path>
         <kind>archive</kind>
         <file>rtsv7M4_T_le_v4SPD16_eabi.lib</file>
         <name>copy_decompress_lzss.c.obj</name>
      </input_file>
      <input_file id="fl-dd">
         <path>C:\ti\ccs1260\ccs\tools\compiler\ti-cgt-arm_20.2.7.LTS\lib\</path>
         <kind>archive</kind>
         <file>rtsv7M4_T_le_v4SPD16_eabi.lib</file>
         <name>exit.c.obj</name>
      </input_file>
      <input_file id="fl-de">
         <path>C:\ti\ccs1260\ccs\tools\compiler\ti-cgt-arm_20.2.7.LTS\lib\</path>
         <kind>archive</kind>
         <file>rtsv7M4_T_le_v4SPD16_eabi.lib</file>
         <name>_lock.c.obj</name>
      </input_file>
      <input_file id="fl-df">
         <path>C:\ti\ccs1260\ccs\tools\compiler\ti-cgt-arm_20.2.7.LTS\lib\</path>
         <kind>archive</kind>
         <file>rtsv7M4_T_le_v4SPD16_eabi.lib</file>
         <name>_ltoa.c.obj</name>
      </input_file>
      <input_file id="fl-e0">
         <path>C:\ti\ccs1260\ccs\tools\compiler\ti-cgt-arm_20.2.7.LTS\lib\</path>
         <kind>archive</kind>
         <file>rtsv7M4_T_le_v4SPD16_eabi.lib</file>
         <name>atoi.c.obj</name>
      </input_file>
      <input_file id="fl-e1">
         <path>C:\ti\ccs1260\ccs\tools\compiler\ti-cgt-arm_20.2.7.LTS\lib\</path>
         <kind>archive</kind>
         <file>rtsv7M4_T_le_v4SPD16_eabi.lib</file>
         <name>ctype.c.obj</name>
      </input_file>
      <input_file id="fl-e2">
         <path>C:\ti\ccs1260\ccs\tools\compiler\ti-cgt-arm_20.2.7.LTS\lib\</path>
         <kind>archive</kind>
         <file>rtsv7M4_T_le_v4SPD16_eabi.lib</file>
         <name>defs.c.obj</name>
      </input_file>
      <input_file id="fl-e3">
         <path>C:\ti\ccs1260\ccs\tools\compiler\ti-cgt-arm_20.2.7.LTS\lib\</path>
         <kind>archive</kind>
         <file>rtsv7M4_T_le_v4SPD16_eabi.lib</file>
         <name>memccpy.c.obj</name>
      </input_file>
      <input_file id="fl-e4">
         <path>C:\ti\ccs1260\ccs\tools\compiler\ti-cgt-arm_20.2.7.LTS\lib\</path>
         <kind>archive</kind>
         <file>rtsv7M4_T_le_v4SPD16_eabi.lib</file>
         <name>memchr.c.obj</name>
      </input_file>
      <input_file id="fl-e5">
         <path>C:\ti\ccs1260\ccs\tools\compiler\ti-cgt-arm_20.2.7.LTS\lib\</path>
         <kind>archive</kind>
         <file>rtsv7M4_T_le_v4SPD16_eabi.lib</file>
         <name>memory.c.obj</name>
      </input_file>
      <input_file id="fl-e6">
         <path>C:\ti\ccs1260\ccs\tools\compiler\ti-cgt-arm_20.2.7.LTS\lib\</path>
         <kind>archive</kind>
         <file>rtsv7M4_T_le_v4SPD16_eabi.lib</file>
         <name>strchr.c.obj</name>
      </input_file>
      <input_file id="fl-e7">
         <path>C:\ti\ccs1260\ccs\tools\compiler\ti-cgt-arm_20.2.7.LTS\lib\</path>
         <kind>archive</kind>
         <file>rtsv7M4_T_le_v4SPD16_eabi.lib</file>
         <name>strlen.c.obj</name>
      </input_file>
      <input_file id="fl-e8">
         <path>C:\ti\ccs1260\ccs\tools\compiler\ti-cgt-arm_20.2.7.LTS\lib\</path>
         <kind>archive</kind>
         <file>rtsv7M4_T_le_v4SPD16_eabi.lib</file>
         <name>boot_cortex_m.c.obj</name>
      </input_file>
      <input_file id="fl-e9">
         <path>C:\ti\ccs1260\ccs\tools\compiler\ti-cgt-arm_20.2.7.LTS\lib\</path>
         <kind>archive</kind>
         <file>rtsv7M4_T_le_v4SPD16_eabi.lib</file>
         <name>write.c.obj</name>
      </input_file>
      <input_file id="fl-ea">
         <path>C:\ti\ccs1260\ccs\tools\compiler\ti-cgt-arm_20.2.7.LTS\lib\</path>
         <kind>archive</kind>
         <file>rtsv7M4_T_le_v4SPD16_eabi.lib</file>
         <name>host_device.c.obj</name>
      </input_file>
      <input_file id="fl-eb">
         <path>C:\ti\ccs1260\ccs\tools\compiler\ti-cgt-arm_20.2.7.LTS\lib\</path>
         <kind>archive</kind>
         <file>rtsv7M4_T_le_v4SPD16_eabi.lib</file>
         <name>open.c.obj</name>
      </input_file>
      <input_file id="fl-ec">
         <path>C:\ti\ccs1260\ccs\tools\compiler\ti-cgt-arm_20.2.7.LTS\lib\</path>
         <kind>archive</kind>
         <file>rtsv7M4_T_le_v4SPD16_eabi.lib</file>
         <name>add_device.c.obj</name>
      </input_file>
      <input_file id="fl-ed">
         <path>C:\ti\ccs1260\ccs\tools\compiler\ti-cgt-arm_20.2.7.LTS\lib\</path>
         <kind>archive</kind>
         <file>rtsv7M4_T_le_v4SPD16_eabi.lib</file>
         <name>errno.c.obj</name>
      </input_file>
      <input_file id="fl-ee">
         <path>C:\ti\ccs1260\ccs\tools\compiler\ti-cgt-arm_20.2.7.LTS\lib\</path>
         <kind>archive</kind>
         <file>rtsv7M4_T_le_v4SPD16_eabi.lib</file>
         <name>wcslen.c.obj</name>
      </input_file>
      <input_file id="fl-ef">
         <path>C:\ti\ccs1260\ccs\tools\compiler\ti-cgt-arm_20.2.7.LTS\lib\</path>
         <kind>archive</kind>
         <file>rtsv7M4_T_le_v4SPD16_eabi.lib</file>
         <name>s_frexp.c.obj</name>
      </input_file>
      <input_file id="fl-f0">
         <path>C:\ti\ccs1260\ccs\tools\compiler\ti-cgt-arm_20.2.7.LTS\lib\</path>
         <kind>archive</kind>
         <file>rtsv7M4_T_le_v4SPD16_eabi.lib</file>
         <name>s_scalbn.c.obj</name>
      </input_file>
      <input_file id="fl-f1">
         <path>C:\ti\ccs1260\ccs\tools\compiler\ti-cgt-arm_20.2.7.LTS\lib\</path>
         <kind>archive</kind>
         <file>rtsv7M4_T_le_v4SPD16_eabi.lib</file>
         <name>fclose.c.obj</name>
      </input_file>
      <input_file id="fl-f2">
         <path>C:\ti\ccs1260\ccs\tools\compiler\ti-cgt-arm_20.2.7.LTS\lib\</path>
         <kind>archive</kind>
         <file>rtsv7M4_T_le_v4SPD16_eabi.lib</file>
         <name>fflush.c.obj</name>
      </input_file>
      <input_file id="fl-f3">
         <path>C:\ti\ccs1260\ccs\tools\compiler\ti-cgt-arm_20.2.7.LTS\lib\</path>
         <kind>archive</kind>
         <file>rtsv7M4_T_le_v4SPD16_eabi.lib</file>
         <name>fseek.c.obj</name>
      </input_file>
      <input_file id="fl-f4">
         <path>C:\ti\ccs1260\ccs\tools\compiler\ti-cgt-arm_20.2.7.LTS\lib\</path>
         <kind>archive</kind>
         <file>rtsv7M4_T_le_v4SPD16_eabi.lib</file>
         <name>getdevice.c.obj</name>
      </input_file>
      <input_file id="fl-f5">
         <path>C:\ti\ccs1260\ccs\tools\compiler\ti-cgt-arm_20.2.7.LTS\lib\</path>
         <kind>archive</kind>
         <file>rtsv7M4_T_le_v4SPD16_eabi.lib</file>
         <name>div0.asm.obj</name>
      </input_file>
      <input_file id="fl-f6">
         <path>C:\ti\ccs1260\ccs\tools\compiler\ti-cgt-arm_20.2.7.LTS\lib\</path>
         <kind>archive</kind>
         <file>rtsv7M4_T_le_v4SPD16_eabi.lib</file>
         <name>autoinit.c.obj</name>
      </input_file>
      <input_file id="fl-f7">
         <path>C:\ti\ccs1260\ccs\tools\compiler\ti-cgt-arm_20.2.7.LTS\lib\</path>
         <kind>archive</kind>
         <file>rtsv7M4_T_le_v4SPD16_eabi.lib</file>
         <name>pre_init.c.obj</name>
      </input_file>
      <input_file id="fl-f8">
         <path>C:\ti\ccs1260\ccs\tools\compiler\ti-cgt-arm_20.2.7.LTS\lib\</path>
         <kind>archive</kind>
         <file>rtsv7M4_T_le_v4SPD16_eabi.lib</file>
         <name>cpy_tbl.c.obj</name>
      </input_file>
      <input_file id="fl-f9">
         <path>C:\ti\ccs1260\ccs\tools\compiler\ti-cgt-arm_20.2.7.LTS\lib\</path>
         <kind>archive</kind>
         <file>rtsv7M4_T_le_v4SPD16_eabi.lib</file>
         <name>args_main.c.obj</name>
      </input_file>
      <input_file id="fl-fa">
         <path>C:\ti\ccs1260\ccs\tools\compiler\ti-cgt-arm_20.2.7.LTS\lib\</path>
         <kind>archive</kind>
         <file>rtsv7M4_T_le_v4SPD16_eabi.lib</file>
         <name>strcmp.c.obj</name>
      </input_file>
      <input_file id="fl-fb">
         <path>C:\ti\ccs1260\ccs\tools\compiler\ti-cgt-arm_20.2.7.LTS\lib\</path>
         <kind>archive</kind>
         <file>rtsv7M4_T_le_v4SPD16_eabi.lib</file>
         <name>strncpy.c.obj</name>
      </input_file>
      <input_file id="fl-fc">
         <path>C:\ti\ccs1260\ccs\tools\compiler\ti-cgt-arm_20.2.7.LTS\lib\</path>
         <kind>archive</kind>
         <file>rtsv7M4_T_le_v4SPD16_eabi.lib</file>
         <name>hostclose.c.obj</name>
      </input_file>
      <input_file id="fl-fd">
         <path>C:\ti\ccs1260\ccs\tools\compiler\ti-cgt-arm_20.2.7.LTS\lib\</path>
         <kind>archive</kind>
         <file>rtsv7M4_T_le_v4SPD16_eabi.lib</file>
         <name>hostlseek.c.obj</name>
      </input_file>
      <input_file id="fl-fe">
         <path>C:\ti\ccs1260\ccs\tools\compiler\ti-cgt-arm_20.2.7.LTS\lib\</path>
         <kind>archive</kind>
         <file>rtsv7M4_T_le_v4SPD16_eabi.lib</file>
         <name>hostopen.c.obj</name>
      </input_file>
      <input_file id="fl-ff">
         <path>C:\ti\ccs1260\ccs\tools\compiler\ti-cgt-arm_20.2.7.LTS\lib\</path>
         <kind>archive</kind>
         <file>rtsv7M4_T_le_v4SPD16_eabi.lib</file>
         <name>hostread.c.obj</name>
      </input_file>
      <input_file id="fl-100">
         <path>C:\ti\ccs1260\ccs\tools\compiler\ti-cgt-arm_20.2.7.LTS\lib\</path>
         <kind>archive</kind>
         <file>rtsv7M4_T_le_v4SPD16_eabi.lib</file>
         <name>hostrename.c.obj</name>
      </input_file>
      <input_file id="fl-101">
         <path>C:\ti\ccs1260\ccs\tools\compiler\ti-cgt-arm_20.2.7.LTS\lib\</path>
         <kind>archive</kind>
         <file>rtsv7M4_T_le_v4SPD16_eabi.lib</file>
         <name>hostunlink.c.obj</name>
      </input_file>
      <input_file id="fl-102">
         <path>C:\ti\ccs1260\ccs\tools\compiler\ti-cgt-arm_20.2.7.LTS\lib\</path>
         <kind>archive</kind>
         <file>rtsv7M4_T_le_v4SPD16_eabi.lib</file>
         <name>hostwrite.c.obj</name>
      </input_file>
      <input_file id="fl-103">
         <path>C:\ti\ccs1260\ccs\tools\compiler\ti-cgt-arm_20.2.7.LTS\lib\</path>
         <kind>archive</kind>
         <file>rtsv7M4_T_le_v4SPD16_eabi.lib</file>
         <name>trgmsg.c.obj</name>
      </input_file>
      <input_file id="fl-104">
         <path>C:\ti\ccs1260\ccs\tools\compiler\ti-cgt-arm_20.2.7.LTS\lib\</path>
         <kind>archive</kind>
         <file>rtsv7M4_T_le_v4SPD16_eabi.lib</file>
         <name>remove.c.obj</name>
      </input_file>
      <input_file id="fl-105">
         <path>C:\ti\ccs1260\ccs\tools\compiler\ti-cgt-arm_20.2.7.LTS\lib\</path>
         <kind>archive</kind>
         <file>rtsv7M4_T_le_v4SPD16_eabi.lib</file>
         <name>lseek.c.obj</name>
      </input_file>
      <input_file id="fl-106">
         <path>C:\ti\ccs1260\ccs\tools\compiler\ti-cgt-arm_20.2.7.LTS\lib\</path>
         <kind>archive</kind>
         <file>rtsv7M4_T_le_v4SPD16_eabi.lib</file>
         <name>close.c.obj</name>
      </input_file>
      <input_file id="fl-107">
         <path>C:\ti\ccs1260\ccs\tools\compiler\ti-cgt-arm_20.2.7.LTS\lib\</path>
         <kind>archive</kind>
         <file>rtsv7M4_T_le_v4SPD16_eabi.lib</file>
         <name>s_copysign.c.obj</name>
      </input_file>
      <input_file id="fl-108">
         <path>C:\ti\ccs1260\ccs\tools\compiler\ti-cgt-arm_20.2.7.LTS\lib\</path>
         <kind>archive</kind>
         <file>rtsv7M4_T_le_v4SPD16_eabi.lib</file>
         <name>strcpy.c.obj</name>
      </input_file>
      <input_file id="fl-109">
         <path>C:\ti\ccs1260\ccs\tools\compiler\ti-cgt-arm_20.2.7.LTS\lib\</path>
         <kind>archive</kind>
         <file>rtsv7M4_T_le_v4SPD16_eabi.lib</file>
         <name>unlink.c.obj</name>
      </input_file>
   </input_file_list>
   <object_component_list>
      <object_component id="oc-26">
         <name>.intvecs:retain</name>
         <load_address>0x0</load_address>
         <run_address>0x0</run_address>
         <size>0xe4</size>
         <input_file_ref idref="fl-4"/>
      </object_component>
      <object_component id="oc-10f">
         <name>.text</name>
         <load_address>0xe4</load_address>
         <run_address>0xe4</run_address>
         <size>0x470</size>
         <input_file_ref idref="fl-9"/>
      </object_component>
      <object_component id="oc-f1">
         <name>.text</name>
         <load_address>0x554</load_address>
         <run_address>0x554</run_address>
         <size>0x340</size>
         <input_file_ref idref="fl-a"/>
      </object_component>
      <object_component id="oc-b8">
         <name>.text</name>
         <load_address>0x894</load_address>
         <run_address>0x894</run_address>
         <size>0x334</size>
         <input_file_ref idref="fl-5"/>
      </object_component>
      <object_component id="oc-a6">
         <name>.text</name>
         <load_address>0xbc8</load_address>
         <run_address>0xbc8</run_address>
         <size>0x2bc</size>
         <input_file_ref idref="fl-2"/>
      </object_component>
      <object_component id="oc-109">
         <name>.text</name>
         <load_address>0xe84</load_address>
         <run_address>0xe84</run_address>
         <size>0x1e0</size>
         <input_file_ref idref="fl-7"/>
      </object_component>
      <object_component id="oc-fd">
         <name>.text</name>
         <load_address>0x1064</load_address>
         <run_address>0x1064</run_address>
         <size>0x1dc</size>
         <input_file_ref idref="fl-d"/>
      </object_component>
      <object_component id="oc-f7">
         <name>.text</name>
         <load_address>0x1240</load_address>
         <run_address>0x1240</run_address>
         <size>0x178</size>
         <input_file_ref idref="fl-b"/>
      </object_component>
      <object_component id="oc-1eb">
         <name>.text:_openfile</name>
         <load_address>0x13b8</load_address>
         <run_address>0x13b8</run_address>
         <size>0x110</size>
         <input_file_ref idref="fl-cc"/>
      </object_component>
      <object_component id="oc-2ba">
         <name>.text:aligned_alloc</name>
         <load_address>0x14c8</load_address>
         <run_address>0x14c8</run_address>
         <size>0x100</size>
         <input_file_ref idref="fl-e5"/>
      </object_component>
      <object_component id="oc-76">
         <name>.text</name>
         <load_address>0x15c8</load_address>
         <run_address>0x15c8</run_address>
         <size>0xe8</size>
         <input_file_ref idref="fl-6"/>
      </object_component>
      <object_component id="oc-177">
         <name>.text</name>
         <load_address>0x16b0</load_address>
         <run_address>0x16b0</run_address>
         <size>0xe8</size>
         <input_file_ref idref="fl-f"/>
      </object_component>
      <object_component id="oc-1fe">
         <name>.text:free</name>
         <load_address>0x1798</load_address>
         <run_address>0x1798</run_address>
         <size>0xe4</size>
         <input_file_ref idref="fl-e5"/>
      </object_component>
      <object_component id="oc-19c">
         <name>.text:setvbuf</name>
         <load_address>0x187c</load_address>
         <run_address>0x187c</run_address>
         <size>0xdc</size>
         <input_file_ref idref="fl-d0"/>
      </object_component>
      <object_component id="oc-288">
         <name>.text:open</name>
         <load_address>0x1958</load_address>
         <run_address>0x1958</run_address>
         <size>0xbc</size>
         <input_file_ref idref="fl-eb"/>
      </object_component>
      <object_component id="oc-18a">
         <name>.text:add_device</name>
         <load_address>0x1a14</load_address>
         <run_address>0x1a14</run_address>
         <size>0xb8</size>
         <input_file_ref idref="fl-ec"/>
      </object_component>
      <object_component id="oc-70">
         <name>.text</name>
         <load_address>0x1acc</load_address>
         <run_address>0x1acc</run_address>
         <size>0xb0</size>
         <input_file_ref idref="fl-10"/>
      </object_component>
      <object_component id="oc-190">
         <name>.text:fopen</name>
         <load_address>0x1b7c</load_address>
         <run_address>0x1b7c</run_address>
         <size>0x9c</size>
         <input_file_ref idref="fl-cc"/>
      </object_component>
      <object_component id="oc-3a">
         <name>.text</name>
         <load_address>0x1c18</load_address>
         <run_address>0x1c18</run_address>
         <size>0x9c</size>
         <input_file_ref idref="fl-d7"/>
      </object_component>
      <object_component id="oc-9a">
         <name>.text</name>
         <load_address>0x1cb4</load_address>
         <run_address>0x1cb4</run_address>
         <size>0x7a</size>
         <input_file_ref idref="fl-d8"/>
      </object_component>
      <object_component id="oc-224">
         <name>.text:_nop</name>
         <load_address>0x1d2e</load_address>
         <run_address>0x1d2e</run_address>
         <size>0x2</size>
         <input_file_ref idref="fl-de"/>
      </object_component>
      <object_component id="oc-1f7">
         <name>.text:__TI_closefile</name>
         <load_address>0x1d30</load_address>
         <run_address>0x1d30</run_address>
         <size>0x74</size>
         <input_file_ref idref="fl-f1"/>
      </object_component>
      <object_component id="oc-32b">
         <name>.text:split</name>
         <load_address>0x1da4</load_address>
         <run_address>0x1da4</run_address>
         <size>0x70</size>
         <input_file_ref idref="fl-e5"/>
      </object_component>
      <object_component id="oc-273">
         <name>.text:HOSTrename</name>
         <load_address>0x1e14</load_address>
         <run_address>0x1e14</run_address>
         <size>0x6c</size>
         <input_file_ref idref="fl-100"/>
      </object_component>
      <object_component id="oc-267">
         <name>.text:HOSTlseek</name>
         <load_address>0x1e80</load_address>
         <run_address>0x1e80</run_address>
         <size>0x68</size>
         <input_file_ref idref="fl-fd"/>
      </object_component>
      <object_component id="oc-17">
         <name>.text:decompress:lzss:__TI_decompress_lzss</name>
         <load_address>0x1ee8</load_address>
         <run_address>0x1ee8</run_address>
         <size>0x68</size>
         <input_file_ref idref="fl-dc"/>
      </object_component>
      <object_component id="oc-24f">
         <name>.text:HOSTopen</name>
         <load_address>0x1f50</load_address>
         <run_address>0x1f50</run_address>
         <size>0x60</size>
         <input_file_ref idref="fl-fe"/>
      </object_component>
      <object_component id="oc-29e">
         <name>.text:close</name>
         <load_address>0x1fb0</load_address>
         <run_address>0x1fb0</run_address>
         <size>0x5c</size>
         <input_file_ref idref="fl-106"/>
      </object_component>
      <object_component id="oc-25b">
         <name>.text:HOSTread</name>
         <load_address>0x200c</load_address>
         <run_address>0x200c</run_address>
         <size>0x58</size>
         <input_file_ref idref="fl-ff"/>
      </object_component>
      <object_component id="oc-261">
         <name>.text:HOSTwrite</name>
         <load_address>0x2064</load_address>
         <run_address>0x2064</run_address>
         <size>0x58</size>
         <input_file_ref idref="fl-102"/>
      </object_component>
      <object_component id="oc-298">
         <name>.text:__TI_doflush</name>
         <load_address>0x20bc</load_address>
         <run_address>0x20bc</run_address>
         <size>0x4c</size>
         <input_file_ref idref="fl-f2"/>
      </object_component>
      <object_component id="oc-125">
         <name>.text:exit</name>
         <load_address>0x2108</load_address>
         <run_address>0x2108</run_address>
         <size>0x48</size>
         <input_file_ref idref="fl-dd"/>
      </object_component>
      <object_component id="oc-255">
         <name>.text:HOSTclose</name>
         <load_address>0x2150</load_address>
         <run_address>0x2150</run_address>
         <size>0x44</size>
         <input_file_ref idref="fl-fc"/>
      </object_component>
      <object_component id="oc-26d">
         <name>.text:HOSTunlink</name>
         <load_address>0x2194</load_address>
         <run_address>0x2194</run_address>
         <size>0x44</size>
         <input_file_ref idref="fl-101"/>
      </object_component>
      <object_component id="oc-12b">
         <name>.text:__TI_auto_init_nobinit_nopinit:__TI_auto_init_nobinit_nopinit</name>
         <load_address>0x21d8</load_address>
         <run_address>0x21d8</run_address>
         <size>0x44</size>
         <input_file_ref idref="fl-f6"/>
      </object_component>
      <object_component id="oc-30b">
         <name>.text:getdevice</name>
         <load_address>0x221c</load_address>
         <run_address>0x221c</run_address>
         <size>0x44</size>
         <input_file_ref idref="fl-f4"/>
      </object_component>
      <object_component id="oc-115">
         <name>.text</name>
         <load_address>0x2260</load_address>
         <run_address>0x2260</run_address>
         <size>0x40</size>
         <input_file_ref idref="fl-e"/>
      </object_component>
      <object_component id="oc-2e2">
         <name>.text:__TI_writemsg</name>
         <load_address>0x22a0</load_address>
         <run_address>0x22a0</run_address>
         <size>0x38</size>
         <input_file_ref idref="fl-103"/>
      </object_component>
      <object_component id="oc-1df">
         <name>.text:strncpy</name>
         <load_address>0x22d8</load_address>
         <run_address>0x22d8</run_address>
         <size>0x36</size>
         <input_file_ref idref="fl-fb"/>
      </object_component>
      <object_component id="oc-20a">
         <name>.text:__TI_cleanup</name>
         <load_address>0x2310</load_address>
         <run_address>0x2310</run_address>
         <size>0x34</size>
         <input_file_ref idref="fl-cc"/>
      </object_component>
      <object_component id="oc-2e8">
         <name>.text:__TI_readmsg</name>
         <load_address>0x2344</load_address>
         <run_address>0x2344</run_address>
         <size>0x34</size>
         <input_file_ref idref="fl-103"/>
      </object_component>
      <object_component id="oc-58">
         <name>.text:_c_int00_noargs:_c_int00_noargs</name>
         <load_address>0x2378</load_address>
         <run_address>0x2378</run_address>
         <size>0x34</size>
         <input_file_ref idref="fl-e8"/>
      </object_component>
      <object_component id="oc-196">
         <name>.text:freopen</name>
         <load_address>0x23ac</load_address>
         <run_address>0x23ac</run_address>
         <size>0x34</size>
         <input_file_ref idref="fl-cc"/>
      </object_component>
      <object_component id="oc-1d9">
         <name>.text:finddevice</name>
         <load_address>0x23e0</load_address>
         <run_address>0x23e0</run_address>
         <size>0x30</size>
         <input_file_ref idref="fl-f4"/>
      </object_component>
      <object_component id="oc-103">
         <name>.text</name>
         <load_address>0x2410</load_address>
         <run_address>0x2410</run_address>
         <size>0x2c</size>
         <input_file_ref idref="fl-8"/>
      </object_component>
      <object_component id="oc-2a4">
         <name>.text:unlink</name>
         <load_address>0x243c</load_address>
         <run_address>0x243c</run_address>
         <size>0x2c</size>
         <input_file_ref idref="fl-109"/>
      </object_component>
      <object_component id="oc-2b3">
         <name>.text:free_list_insert</name>
         <load_address>0x2468</load_address>
         <run_address>0x2468</run_address>
         <size>0x28</size>
         <input_file_ref idref="fl-e5"/>
      </object_component>
      <object_component id="oc-318">
         <name>.text:write</name>
         <load_address>0x2490</load_address>
         <run_address>0x2490</run_address>
         <size>0x28</size>
         <input_file_ref idref="fl-e9"/>
      </object_component>
      <object_component id="oc-46">
         <name>.text:decompress:ZI:__TI_zero_init_nomemset:__TI_zero_init_nomemset</name>
         <load_address>0x24b8</load_address>
         <run_address>0x24b8</run_address>
         <size>0x1c</size>
         <input_file_ref idref="fl-da"/>
      </object_component>
      <object_component id="oc-2ad">
         <name>.text:free_list_remove</name>
         <load_address>0x24d4</load_address>
         <run_address>0x24d4</run_address>
         <size>0x1c</size>
         <input_file_ref idref="fl-e5"/>
      </object_component>
      <object_component id="oc-245">
         <name>.text:strcmp</name>
         <load_address>0x24f0</load_address>
         <run_address>0x24f0</run_address>
         <size>0x18</size>
         <input_file_ref idref="fl-fa"/>
      </object_component>
      <object_component id="oc-34f">
         <name>.text:strchr</name>
         <load_address>0x2508</load_address>
         <run_address>0x2508</run_address>
         <size>0x16</size>
         <input_file_ref idref="fl-e6"/>
      </object_component>
      <object_component id="oc-2fc">
         <name>.text:strcpy</name>
         <load_address>0x251e</load_address>
         <run_address>0x251e</run_address>
         <size>0x14</size>
         <input_file_ref idref="fl-108"/>
      </object_component>
      <object_component id="oc-2dc">
         <name>.text:strlen</name>
         <load_address>0x2532</load_address>
         <run_address>0x2532</run_address>
         <size>0x14</size>
         <input_file_ref idref="fl-e7"/>
      </object_component>
      <object_component id="oc-1d">
         <name>.text:decompress:none:__TI_decompress_none</name>
         <load_address>0x2546</load_address>
         <run_address>0x2546</run_address>
         <size>0xe</size>
         <input_file_ref idref="fl-db"/>
      </object_component>
      <object_component id="oc-6a">
         <name>.text</name>
         <load_address>0x2554</load_address>
         <run_address>0x2554</run_address>
         <size>0xe</size>
         <input_file_ref idref="fl-4"/>
      </object_component>
      <object_component id="oc-204">
         <name>.text:malloc</name>
         <load_address>0x2562</load_address>
         <run_address>0x2562</run_address>
         <size>0x8</size>
         <input_file_ref idref="fl-e5"/>
      </object_component>
      <object_component id="oc-a0">
         <name>.text:_system_pre_init</name>
         <load_address>0x256a</load_address>
         <run_address>0x256a</run_address>
         <size>0x4</size>
         <input_file_ref idref="fl-f7"/>
      </object_component>
      <object_component id="oc-11f">
         <name>.text:abort:abort</name>
         <load_address>0x256e</load_address>
         <run_address>0x256e</run_address>
         <size>0x4</size>
         <input_file_ref idref="fl-dd"/>
      </object_component>
      <object_component id="oc-3aa">
         <name>.cinit..data.load</name>
         <load_address>0x2578</load_address>
         <run_address>0x2578</run_address>
         <size>0xaa</size>
      </object_component>
      <object_component id="oc-3a8">
         <name>__TI_handler_table</name>
         <load_address>0x2624</load_address>
         <run_address>0x2624</run_address>
         <size>0xc</size>
      </object_component>
      <object_component id="oc-3ab">
         <name>.cinit..bss.load</name>
         <load_address>0x2630</load_address>
         <run_address>0x2630</run_address>
         <size>0x8</size>
      </object_component>
      <object_component id="oc-3a9">
         <name>__TI_cinit_table</name>
         <load_address>0x2638</load_address>
         <run_address>0x2638</run_address>
         <size>0x10</size>
      </object_component>
      <object_component id="oc-37c">
         <name>.binit</name>
         <load_address>0x0</load_address>
         <run_address>0x0</run_address>
         <size>0x0</size>
      </object_component>
      <object_component id="oc-11b">
         <name>.data</name>
         <load_address>0x200005f8</load_address>
         <run_address>0x200005f8</run_address>
         <size>0x19</size>
         <input_file_ref idref="fl-2"/>
      </object_component>
      <object_component id="oc-15d">
         <name>.data</name>
         <load_address>0x20000664</load_address>
         <run_address>0x20000664</run_address>
         <size>0x4</size>
         <input_file_ref idref="fl-5"/>
      </object_component>
      <object_component id="oc-186">
         <name>.data</name>
         <load_address>0x20000614</load_address>
         <run_address>0x20000614</run_address>
         <size>0x18</size>
         <input_file_ref idref="fl-7"/>
      </object_component>
      <object_component id="oc-181">
         <name>.data:Weight</name>
         <load_address>0x200005d8</load_address>
         <run_address>0x200005d8</run_address>
         <size>0x20</size>
         <input_file_ref idref="fl-d"/>
      </object_component>
      <object_component id="oc-17e">
         <name>.data:Mask</name>
         <load_address>0x200005b8</load_address>
         <run_address>0x200005b8</run_address>
         <size>0x20</size>
         <input_file_ref idref="fl-d"/>
      </object_component>
      <object_component id="oc-1f1">
         <name>.data</name>
         <load_address>0x2000065c</load_address>
         <run_address>0x2000065c</run_address>
         <size>0x4</size>
         <input_file_ref idref="fl-cc"/>
      </object_component>
      <object_component id="oc-1b0">
         <name>.data:$O1$$</name>
         <load_address>0x2000063c</load_address>
         <run_address>0x2000063c</run_address>
         <size>0xc</size>
         <input_file_ref idref="fl-dd"/>
      </object_component>
      <object_component id="oc-1b3">
         <name>.data:$O1$$</name>
         <load_address>0x20000648</load_address>
         <run_address>0x20000648</run_address>
         <size>0x8</size>
         <input_file_ref idref="fl-de"/>
      </object_component>
      <object_component id="oc-1a2">
         <name>.data:_ftable</name>
         <load_address>0x20000400</load_address>
         <run_address>0x20000400</run_address>
         <size>0xf0</size>
         <input_file_ref idref="fl-e2"/>
      </object_component>
      <object_component id="oc-1f2">
         <name>.data</name>
         <load_address>0x2000062c</load_address>
         <run_address>0x2000062c</run_address>
         <size>0x10</size>
         <input_file_ref idref="fl-e2"/>
      </object_component>
      <object_component id="oc-326">
         <name>.data:$O1$$</name>
         <load_address>0x20000650</load_address>
         <run_address>0x20000650</run_address>
         <size>0x8</size>
         <input_file_ref idref="fl-e5"/>
      </object_component>
      <object_component id="oc-1e6">
         <name>.data:_device</name>
         <load_address>0x200004f0</load_address>
         <run_address>0x200004f0</run_address>
         <size>0x78</size>
         <input_file_ref idref="fl-ea"/>
      </object_component>
      <object_component id="oc-312">
         <name>.data:_stream</name>
         <load_address>0x20000568</load_address>
         <run_address>0x20000568</run_address>
         <size>0x50</size>
         <input_file_ref idref="fl-ea"/>
      </object_component>
      <object_component id="oc-311">
         <name>.data</name>
         <load_address>0x20000660</load_address>
         <run_address>0x20000660</run_address>
         <size>0x4</size>
         <input_file_ref idref="fl-eb"/>
      </object_component>
      <object_component id="oc-1e5">
         <name>.data</name>
         <load_address>0x20000658</load_address>
         <run_address>0x20000658</run_address>
         <size>0x4</size>
         <input_file_ref idref="fl-ec"/>
      </object_component>
      <object_component id="oc-338">
         <name>.bss:_CIOBUF_</name>
         <uninitialized>true</uninitialized>
         <run_address>0x20000668</run_address>
         <size>0x120</size>
         <input_file_ref idref="fl-103"/>
      </object_component>
      <object_component id="oc-bf">
         <name>.common:Timer_A1_Task</name>
         <uninitialized>true</uninitialized>
         <run_address>0x20000834</run_address>
         <size>0x4</size>
      </object_component>
      <object_component id="oc-ca">
         <name>.common:Bumper_Task</name>
         <uninitialized>true</uninitialized>
         <run_address>0x20000830</run_address>
         <size>0x4</size>
      </object_component>
      <object_component id="oc-2aa">
         <name>.common:__TI_tmpnams</name>
         <uninitialized>true</uninitialized>
         <run_address>0x20000788</run_address>
         <size>0xa0</size>
      </object_component>
      <object_component id="oc-2ee">
         <name>.common:parmbuf</name>
         <uninitialized>true</uninitialized>
         <run_address>0x20000828</run_address>
         <size>0x8</size>
      </object_component>
      <object_component id="oc-29">
         <name>.sysmem</name>
         <uninitialized>true</uninitialized>
         <run_address>0x20000000</run_address>
         <size>0x10</size>
         <input_file_ref idref="fl-e5"/>
      </object_component>
      <object_component id="oc-3ae">
         <name>.sysmem</name>
         <uninitialized>true</uninitialized>
         <run_address>0x20000000</run_address>
         <size>0x0</size>
      </object_component>
      <object_component id="oc-2c">
         <name>.stack</name>
         <uninitialized>true</uninitialized>
         <run_address>0x2000fe00</run_address>
         <size>0x4</size>
         <input_file_ref idref="fl-e8"/>
      </object_component>
      <object_component id="oc-3ad">
         <name>.stack</name>
         <uninitialized>true</uninitialized>
         <run_address>0x2000fe00</run_address>
         <size>0x0</size>
      </object_component>
      <object_component id="oc-c0">
         <name>.debug_info</name>
         <load_address>0x0</load_address>
         <run_address>0x0</run_address>
         <size>0x8c5</size>
         <input_file_ref idref="fl-2"/>
      </object_component>
      <object_component id="oc-11c">
         <name>.debug_info</name>
         <load_address>0x8c5</load_address>
         <run_address>0x8c5</run_address>
         <size>0x268</size>
         <input_file_ref idref="fl-2"/>
      </object_component>
      <object_component id="oc-a7">
         <name>.debug_info</name>
         <load_address>0xb2d</load_address>
         <run_address>0xb2d</run_address>
         <size>0x5b7</size>
         <input_file_ref idref="fl-2"/>
      </object_component>
      <object_component id="oc-d0">
         <name>.debug_info</name>
         <load_address>0x10e4</load_address>
         <run_address>0x10e4</run_address>
         <size>0x26b</size>
         <input_file_ref idref="fl-2"/>
      </object_component>
      <object_component id="oc-168">
         <name>.debug_info</name>
         <load_address>0x134f</load_address>
         <run_address>0x134f</run_address>
         <size>0x1055</size>
         <input_file_ref idref="fl-2"/>
      </object_component>
      <object_component id="oc-163">
         <name>.debug_info</name>
         <load_address>0x23a4</load_address>
         <run_address>0x23a4</run_address>
         <size>0x37e2</size>
         <input_file_ref idref="fl-2"/>
      </object_component>
      <object_component id="oc-35">
         <name>.debug_info</name>
         <load_address>0x5b86</load_address>
         <run_address>0x5b86</run_address>
         <size>0x84</size>
         <input_file_ref idref="fl-2"/>
      </object_component>
      <object_component id="oc-16f">
         <name>.debug_info</name>
         <load_address>0x5c0a</load_address>
         <run_address>0x5c0a</run_address>
         <size>0x2a4</size>
         <input_file_ref idref="fl-2"/>
      </object_component>
      <object_component id="oc-c5">
         <name>.debug_info</name>
         <load_address>0x5eae</load_address>
         <run_address>0x5eae</run_address>
         <size>0xbb</size>
         <input_file_ref idref="fl-2"/>
      </object_component>
      <object_component id="oc-21d">
         <name>.debug_info</name>
         <load_address>0x5f69</load_address>
         <run_address>0x5f69</run_address>
         <size>0xcc</size>
         <input_file_ref idref="fl-2"/>
      </object_component>
      <object_component id="oc-1a7">
         <name>.debug_info</name>
         <load_address>0x6035</load_address>
         <run_address>0x6035</run_address>
         <size>0x2c</size>
         <input_file_ref idref="fl-2"/>
      </object_component>
      <object_component id="oc-35c">
         <name>.debug_info</name>
         <load_address>0x6061</load_address>
         <run_address>0x6061</run_address>
         <size>0x2c</size>
         <input_file_ref idref="fl-2"/>
      </object_component>
      <object_component id="oc-7e">
         <name>.debug_info</name>
         <load_address>0x608d</load_address>
         <run_address>0x608d</run_address>
         <size>0x342</size>
         <input_file_ref idref="fl-4"/>
      </object_component>
      <object_component id="oc-27">
         <name>.debug_info</name>
         <load_address>0x63cf</load_address>
         <run_address>0x63cf</run_address>
         <size>0x16e</size>
         <input_file_ref idref="fl-4"/>
      </object_component>
      <object_component id="oc-6b">
         <name>.debug_info</name>
         <load_address>0x653d</load_address>
         <run_address>0x653d</run_address>
         <size>0x235</size>
         <input_file_ref idref="fl-4"/>
      </object_component>
      <object_component id="oc-15e">
         <name>.debug_info</name>
         <load_address>0x6772</load_address>
         <run_address>0x6772</run_address>
         <size>0x167</size>
         <input_file_ref idref="fl-5"/>
      </object_component>
      <object_component id="oc-bb">
         <name>.debug_info</name>
         <load_address>0x68d9</load_address>
         <run_address>0x68d9</run_address>
         <size>0x2d9</size>
         <input_file_ref idref="fl-5"/>
      </object_component>
      <object_component id="oc-cb">
         <name>.debug_info</name>
         <load_address>0x6bb2</load_address>
         <run_address>0x6bb2</run_address>
         <size>0x5ea</size>
         <input_file_ref idref="fl-6"/>
      </object_component>
      <object_component id="oc-7a">
         <name>.debug_info</name>
         <load_address>0x719c</load_address>
         <run_address>0x719c</run_address>
         <size>0x2f4</size>
         <input_file_ref idref="fl-6"/>
      </object_component>
      <object_component id="oc-187">
         <name>.debug_info</name>
         <load_address>0x7490</load_address>
         <run_address>0x7490</run_address>
         <size>0x203</size>
         <input_file_ref idref="fl-7"/>
      </object_component>
      <object_component id="oc-10a">
         <name>.debug_info</name>
         <load_address>0x7693</load_address>
         <run_address>0x7693</run_address>
         <size>0x34f</size>
         <input_file_ref idref="fl-7"/>
      </object_component>
      <object_component id="oc-104">
         <name>.debug_info</name>
         <load_address>0x79e2</load_address>
         <run_address>0x79e2</run_address>
         <size>0x32b</size>
         <input_file_ref idref="fl-8"/>
      </object_component>
      <object_component id="oc-1a6">
         <name>.debug_info</name>
         <load_address>0x7d0d</load_address>
         <run_address>0x7d0d</run_address>
         <size>0x7a2</size>
         <input_file_ref idref="fl-9"/>
      </object_component>
      <object_component id="oc-113">
         <name>.debug_info</name>
         <load_address>0x84af</load_address>
         <run_address>0x84af</run_address>
         <size>0x1259</size>
         <input_file_ref idref="fl-9"/>
      </object_component>
      <object_component id="oc-f3">
         <name>.debug_info</name>
         <load_address>0x9708</load_address>
         <run_address>0x9708</run_address>
         <size>0xb92</size>
         <input_file_ref idref="fl-a"/>
      </object_component>
      <object_component id="oc-f8">
         <name>.debug_info</name>
         <load_address>0xa29a</load_address>
         <run_address>0xa29a</run_address>
         <size>0x72b</size>
         <input_file_ref idref="fl-b"/>
      </object_component>
      <object_component id="oc-1d4">
         <name>.debug_info</name>
         <load_address>0xa9c5</load_address>
         <run_address>0xa9c5</run_address>
         <size>0x5f0</size>
         <input_file_ref idref="fl-d"/>
      </object_component>
      <object_component id="oc-182">
         <name>.debug_info</name>
         <load_address>0xafb5</load_address>
         <run_address>0xafb5</run_address>
         <size>0x158</size>
         <input_file_ref idref="fl-d"/>
      </object_component>
      <object_component id="oc-17f">
         <name>.debug_info</name>
         <load_address>0xb10d</load_address>
         <run_address>0xb10d</run_address>
         <size>0x154</size>
         <input_file_ref idref="fl-d"/>
      </object_component>
      <object_component id="oc-fe">
         <name>.debug_info</name>
         <load_address>0xb261</load_address>
         <run_address>0xb261</run_address>
         <size>0x528</size>
         <input_file_ref idref="fl-d"/>
      </object_component>
      <object_component id="oc-116">
         <name>.debug_info</name>
         <load_address>0xb789</load_address>
         <run_address>0xb789</run_address>
         <size>0x23a</size>
         <input_file_ref idref="fl-e"/>
      </object_component>
      <object_component id="oc-17a">
         <name>.debug_info</name>
         <load_address>0xb9c3</load_address>
         <run_address>0xb9c3</run_address>
         <size>0x40c</size>
         <input_file_ref idref="fl-f"/>
      </object_component>
      <object_component id="oc-c2">
         <name>.debug_info</name>
         <load_address>0xbdcf</load_address>
         <run_address>0xbdcf</run_address>
         <size>0x5e7</size>
         <input_file_ref idref="fl-10"/>
      </object_component>
      <object_component id="oc-73">
         <name>.debug_info</name>
         <load_address>0xc3b6</load_address>
         <run_address>0xc3b6</run_address>
         <size>0x306</size>
         <input_file_ref idref="fl-10"/>
      </object_component>
      <object_component id="oc-317">
         <name>.debug_info</name>
         <load_address>0xc6bc</load_address>
         <run_address>0xc6bc</run_address>
         <size>0x3e5</size>
         <input_file_ref idref="fl-ca"/>
      </object_component>
      <object_component id="oc-293">
         <name>.debug_info</name>
         <load_address>0xcaa1</load_address>
         <run_address>0xcaa1</run_address>
         <size>0xb2</size>
         <input_file_ref idref="fl-ca"/>
      </object_component>
      <object_component id="oc-27e">
         <name>.debug_info</name>
         <load_address>0xcb53</load_address>
         <run_address>0xcb53</run_address>
         <size>0x2c</size>
         <input_file_ref idref="fl-cb"/>
      </object_component>
      <object_component id="oc-1f6">
         <name>.debug_info</name>
         <load_address>0xcb7f</load_address>
         <run_address>0xcb7f</run_address>
         <size>0x3f5</size>
         <input_file_ref idref="fl-cc"/>
      </object_component>
      <object_component id="oc-1ef">
         <name>.debug_info</name>
         <load_address>0xcf74</load_address>
         <run_address>0xcf74</run_address>
         <size>0x20e</size>
         <input_file_ref idref="fl-cc"/>
      </object_component>
      <object_component id="oc-20d">
         <name>.debug_info</name>
         <load_address>0xd182</load_address>
         <run_address>0xd182</run_address>
         <size>0x176</size>
         <input_file_ref idref="fl-cc"/>
      </object_component>
      <object_component id="oc-19a">
         <name>.debug_info</name>
         <load_address>0xd2f8</load_address>
         <run_address>0xd2f8</run_address>
         <size>0x1e4</size>
         <input_file_ref idref="fl-cc"/>
      </object_component>
      <object_component id="oc-192">
         <name>.debug_info</name>
         <load_address>0xd4dc</load_address>
         <run_address>0xd4dc</run_address>
         <size>0x1cd</size>
         <input_file_ref idref="fl-cc"/>
      </object_component>
      <object_component id="oc-d7">
         <name>.debug_info</name>
         <load_address>0xd6a9</load_address>
         <run_address>0xd6a9</run_address>
         <size>0x2c</size>
         <input_file_ref idref="fl-cc"/>
      </object_component>
      <object_component id="oc-e8">
         <name>.debug_info</name>
         <load_address>0xd6d5</load_address>
         <run_address>0xd6d5</run_address>
         <size>0x2c</size>
         <input_file_ref idref="fl-ce"/>
      </object_component>
      <object_component id="oc-2c4">
         <name>.debug_info</name>
         <load_address>0xd701</load_address>
         <run_address>0xd701</run_address>
         <size>0x300</size>
         <input_file_ref idref="fl-cf"/>
      </object_component>
      <object_component id="oc-212">
         <name>.debug_info</name>
         <load_address>0xda01</load_address>
         <run_address>0xda01</run_address>
         <size>0xbf</size>
         <input_file_ref idref="fl-cf"/>
      </object_component>
      <object_component id="oc-211">
         <name>.debug_info</name>
         <load_address>0xdac0</load_address>
         <run_address>0xdac0</run_address>
         <size>0x374</size>
         <input_file_ref idref="fl-d0"/>
      </object_component>
      <object_component id="oc-19f">
         <name>.debug_info</name>
         <load_address>0xde34</load_address>
         <run_address>0xde34</run_address>
         <size>0x20b</size>
         <input_file_ref idref="fl-d0"/>
      </object_component>
      <object_component id="oc-3c">
         <name>.debug_info</name>
         <load_address>0xe03f</load_address>
         <run_address>0xe03f</run_address>
         <size>0x119</size>
         <input_file_ref idref="fl-d7"/>
      </object_component>
      <object_component id="oc-9c">
         <name>.debug_info</name>
         <load_address>0xe158</load_address>
         <run_address>0xe158</run_address>
         <size>0x147</size>
         <input_file_ref idref="fl-d8"/>
      </object_component>
      <object_component id="oc-99">
         <name>.debug_info</name>
         <load_address>0xe29f</load_address>
         <run_address>0xe29f</run_address>
         <size>0x2d4</size>
         <input_file_ref idref="fl-da"/>
      </object_component>
      <object_component id="oc-48">
         <name>.debug_info</name>
         <load_address>0xe573</load_address>
         <run_address>0xe573</run_address>
         <size>0x1d2</size>
         <input_file_ref idref="fl-da"/>
      </object_component>
      <object_component id="oc-94">
         <name>.debug_info</name>
         <load_address>0xe745</load_address>
         <run_address>0xe745</run_address>
         <size>0x46</size>
         <input_file_ref idref="fl-da"/>
      </object_component>
      <object_component id="oc-45">
         <name>.debug_info</name>
         <load_address>0xe78b</load_address>
         <run_address>0xe78b</run_address>
         <size>0x2a8</size>
         <input_file_ref idref="fl-db"/>
      </object_component>
      <object_component id="oc-21">
         <name>.debug_info</name>
         <load_address>0xea33</load_address>
         <run_address>0xea33</run_address>
         <size>0x1ea</size>
         <input_file_ref idref="fl-db"/>
      </object_component>
      <object_component id="oc-40">
         <name>.debug_info</name>
         <load_address>0xec1d</load_address>
         <run_address>0xec1d</run_address>
         <size>0x46</size>
         <input_file_ref idref="fl-db"/>
      </object_component>
      <object_component id="oc-8c">
         <name>.debug_info</name>
         <load_address>0xec63</load_address>
         <run_address>0xec63</run_address>
         <size>0x2c</size>
         <input_file_ref idref="fl-db"/>
      </object_component>
      <object_component id="oc-8a">
         <name>.debug_info</name>
         <load_address>0xec8f</load_address>
         <run_address>0xec8f</run_address>
         <size>0x29e</size>
         <input_file_ref idref="fl-dc"/>
      </object_component>
      <object_component id="oc-1a">
         <name>.debug_info</name>
         <load_address>0xef2d</load_address>
         <run_address>0xef2d</run_address>
         <size>0x250</size>
         <input_file_ref idref="fl-dc"/>
      </object_component>
      <object_component id="oc-30">
         <name>.debug_info</name>
         <load_address>0xf17d</load_address>
         <run_address>0xf17d</run_address>
         <size>0x60</size>
         <input_file_ref idref="fl-dc"/>
      </object_component>
      <object_component id="oc-e1">
         <name>.debug_info</name>
         <load_address>0xf1dd</load_address>
         <run_address>0xf1dd</run_address>
         <size>0x46</size>
         <input_file_ref idref="fl-dc"/>
      </object_component>
      <object_component id="oc-85">
         <name>.debug_info</name>
         <load_address>0xf223</load_address>
         <run_address>0xf223</run_address>
         <size>0x39</size>
         <input_file_ref idref="fl-dc"/>
      </object_component>
      <object_component id="oc-1b7">
         <name>.debug_info</name>
         <load_address>0xf25c</load_address>
         <run_address>0xf25c</run_address>
         <size>0x3ad</size>
         <input_file_ref idref="fl-dd"/>
      </object_component>
      <object_component id="oc-1b1">
         <name>.debug_info</name>
         <load_address>0xf609</load_address>
         <run_address>0xf609</run_address>
         <size>0x190</size>
         <input_file_ref idref="fl-dd"/>
      </object_component>
      <object_component id="oc-121">
         <name>.debug_info</name>
         <load_address>0xf799</load_address>
         <run_address>0xf799</run_address>
         <size>0x122</size>
         <input_file_ref idref="fl-dd"/>
      </object_component>
      <object_component id="oc-126">
         <name>.debug_info</name>
         <load_address>0xf8bb</load_address>
         <run_address>0xf8bb</run_address>
         <size>0x184</size>
         <input_file_ref idref="fl-dd"/>
      </object_component>
      <object_component id="oc-22c">
         <name>.debug_info</name>
         <load_address>0xfa3f</load_address>
         <run_address>0xfa3f</run_address>
         <size>0x2c9</size>
         <input_file_ref idref="fl-de"/>
      </object_component>
      <object_component id="oc-1b4">
         <name>.debug_info</name>
         <load_address>0xfd08</load_address>
         <run_address>0xfd08</run_address>
         <size>0x11e</size>
         <input_file_ref idref="fl-de"/>
      </object_component>
      <object_component id="oc-226">
         <name>.debug_info</name>
         <load_address>0xfe26</load_address>
         <run_address>0xfe26</run_address>
         <size>0x12e</size>
         <input_file_ref idref="fl-de"/>
      </object_component>
      <object_component id="oc-219">
         <name>.debug_info</name>
         <load_address>0xff54</load_address>
         <run_address>0xff54</run_address>
         <size>0x144</size>
         <input_file_ref idref="fl-e2"/>
      </object_component>
      <object_component id="oc-1a3">
         <name>.debug_info</name>
         <load_address>0x10098</load_address>
         <run_address>0x10098</run_address>
         <size>0x102</size>
         <input_file_ref idref="fl-e2"/>
      </object_component>
      <object_component id="oc-1f3">
         <name>.debug_info</name>
         <load_address>0x1019a</load_address>
         <run_address>0x1019a</run_address>
         <size>0x18f</size>
         <input_file_ref idref="fl-e2"/>
      </object_component>
      <object_component id="oc-81">
         <name>.debug_info</name>
         <load_address>0x10329</load_address>
         <run_address>0x10329</run_address>
         <size>0x3b2</size>
         <input_file_ref idref="fl-e5"/>
      </object_component>
      <object_component id="oc-2a">
         <name>.debug_info</name>
         <load_address>0x106db</load_address>
         <run_address>0x106db</run_address>
         <size>0x10c</size>
         <input_file_ref idref="fl-e5"/>
      </object_component>
      <object_component id="oc-327">
         <name>.debug_info</name>
         <load_address>0x107e7</load_address>
         <run_address>0x107e7</run_address>
         <size>0x13f</size>
         <input_file_ref idref="fl-e5"/>
      </object_component>
      <object_component id="oc-205">
         <name>.debug_info</name>
         <load_address>0x10926</load_address>
         <run_address>0x10926</run_address>
         <size>0x168</size>
         <input_file_ref idref="fl-e5"/>
      </object_component>
      <object_component id="oc-2ae">
         <name>.debug_info</name>
         <load_address>0x10a8e</load_address>
         <run_address>0x10a8e</run_address>
         <size>0x18e</size>
         <input_file_ref idref="fl-e5"/>
      </object_component>
      <object_component id="oc-2b6">
         <name>.debug_info</name>
         <load_address>0x10c1c</load_address>
         <run_address>0x10c1c</run_address>
         <size>0x19f</size>
         <input_file_ref idref="fl-e5"/>
      </object_component>
      <object_component id="oc-200">
         <name>.debug_info</name>
         <load_address>0x10dbb</load_address>
         <run_address>0x10dbb</run_address>
         <size>0x203</size>
         <input_file_ref idref="fl-e5"/>
      </object_component>
      <object_component id="oc-32d">
         <name>.debug_info</name>
         <load_address>0x10fbe</load_address>
         <run_address>0x10fbe</run_address>
         <size>0x1db</size>
         <input_file_ref idref="fl-e5"/>
      </object_component>
      <object_component id="oc-2bc">
         <name>.debug_info</name>
         <load_address>0x11199</load_address>
         <run_address>0x11199</run_address>
         <size>0x299</size>
         <input_file_ref idref="fl-e5"/>
      </object_component>
      <object_component id="oc-dc">
         <name>.debug_info</name>
         <load_address>0x11432</load_address>
         <run_address>0x11432</run_address>
         <size>0xb2</size>
         <input_file_ref idref="fl-e5"/>
      </object_component>
      <object_component id="oc-376">
         <name>.debug_info</name>
         <load_address>0x114e4</load_address>
         <run_address>0x114e4</run_address>
         <size>0x29a</size>
         <input_file_ref idref="fl-e6"/>
      </object_component>
      <object_component id="oc-350">
         <name>.debug_info</name>
         <load_address>0x1177e</load_address>
         <run_address>0x1177e</run_address>
         <size>0x262</size>
         <input_file_ref idref="fl-e6"/>
      </object_component>
      <object_component id="oc-337">
         <name>.debug_info</name>
         <load_address>0x119e0</load_address>
         <run_address>0x119e0</run_address>
         <size>0x28f</size>
         <input_file_ref idref="fl-e7"/>
      </object_component>
      <object_component id="oc-2e0">
         <name>.debug_info</name>
         <load_address>0x11c6f</load_address>
         <run_address>0x11c6f</run_address>
         <size>0x245</size>
         <input_file_ref idref="fl-e7"/>
      </object_component>
      <object_component id="oc-2d">
         <name>.debug_info</name>
         <load_address>0x11eb4</load_address>
         <run_address>0x11eb4</run_address>
         <size>0x10b</size>
         <input_file_ref idref="fl-e8"/>
      </object_component>
      <object_component id="oc-59">
         <name>.debug_info</name>
         <load_address>0x11fbf</load_address>
         <run_address>0x11fbf</run_address>
         <size>0x1a9</size>
         <input_file_ref idref="fl-e8"/>
      </object_component>
      <object_component id="oc-34e">
         <name>.debug_info</name>
         <load_address>0x12168</load_address>
         <run_address>0x12168</run_address>
         <size>0x397</size>
         <input_file_ref idref="fl-e9"/>
      </object_component>
      <object_component id="oc-31a">
         <name>.debug_info</name>
         <load_address>0x124ff</load_address>
         <run_address>0x124ff</run_address>
         <size>0x18f</size>
         <input_file_ref idref="fl-e9"/>
      </object_component>
      <object_component id="oc-306">
         <name>.debug_info</name>
         <load_address>0x1268e</load_address>
         <run_address>0x1268e</run_address>
         <size>0x120</size>
         <input_file_ref idref="fl-e9"/>
      </object_component>
      <object_component id="oc-27b">
         <name>.debug_info</name>
         <load_address>0x127ae</load_address>
         <run_address>0x127ae</run_address>
         <size>0x337</size>
         <input_file_ref idref="fl-ea"/>
      </object_component>
      <object_component id="oc-1e7">
         <name>.debug_info</name>
         <load_address>0x12ae5</load_address>
         <run_address>0x12ae5</run_address>
         <size>0x109</size>
         <input_file_ref idref="fl-ea"/>
      </object_component>
      <object_component id="oc-313">
         <name>.debug_info</name>
         <load_address>0x12bee</load_address>
         <run_address>0x12bee</run_address>
         <size>0x109</size>
         <input_file_ref idref="fl-ea"/>
      </object_component>
      <object_component id="oc-316">
         <name>.debug_info</name>
         <load_address>0x12cf7</load_address>
         <run_address>0x12cf7</run_address>
         <size>0x402</size>
         <input_file_ref idref="fl-eb"/>
      </object_component>
      <object_component id="oc-28a">
         <name>.debug_info</name>
         <load_address>0x130f9</load_address>
         <run_address>0x130f9</run_address>
         <size>0x245</size>
         <input_file_ref idref="fl-eb"/>
      </object_component>
      <object_component id="oc-1ea">
         <name>.debug_info</name>
         <load_address>0x1333e</load_address>
         <run_address>0x1333e</run_address>
         <size>0x445</size>
         <input_file_ref idref="fl-ec"/>
      </object_component>
      <object_component id="oc-18d">
         <name>.debug_info</name>
         <load_address>0x13783</load_address>
         <run_address>0x13783</run_address>
         <size>0x2db</size>
         <input_file_ref idref="fl-ec"/>
      </object_component>
      <object_component id="oc-283">
         <name>.debug_info</name>
         <load_address>0x13a5e</load_address>
         <run_address>0x13a5e</run_address>
         <size>0xea</size>
         <input_file_ref idref="fl-ec"/>
      </object_component>
      <object_component id="oc-2ac">
         <name>.debug_info</name>
         <load_address>0x13b48</load_address>
         <run_address>0x13b48</run_address>
         <size>0x3a5</size>
         <input_file_ref idref="fl-f1"/>
      </object_component>
      <object_component id="oc-1f8">
         <name>.debug_info</name>
         <load_address>0x13eed</load_address>
         <run_address>0x13eed</run_address>
         <size>0x1f3</size>
         <input_file_ref idref="fl-f1"/>
      </object_component>
      <object_component id="oc-31f">
         <name>.debug_info</name>
         <load_address>0x140e0</load_address>
         <run_address>0x140e0</run_address>
         <size>0x347</size>
         <input_file_ref idref="fl-f2"/>
      </object_component>
      <object_component id="oc-29a">
         <name>.debug_info</name>
         <load_address>0x14427</load_address>
         <run_address>0x14427</run_address>
         <size>0x18a</size>
         <input_file_ref idref="fl-f2"/>
      </object_component>
      <object_component id="oc-24c">
         <name>.debug_info</name>
         <load_address>0x145b1</load_address>
         <run_address>0x145b1</run_address>
         <size>0x42c</size>
         <input_file_ref idref="fl-f4"/>
      </object_component>
      <object_component id="oc-1da">
         <name>.debug_info</name>
         <load_address>0x149dd</load_address>
         <run_address>0x149dd</run_address>
         <size>0x192</size>
         <input_file_ref idref="fl-f4"/>
      </object_component>
      <object_component id="oc-30c">
         <name>.debug_info</name>
         <load_address>0x14b6f</load_address>
         <run_address>0x14b6f</run_address>
         <size>0x1eb</size>
         <input_file_ref idref="fl-f4"/>
      </object_component>
      <object_component id="oc-1ba">
         <name>.debug_info</name>
         <load_address>0x14d5a</load_address>
         <run_address>0x14d5a</run_address>
         <size>0x4b3</size>
         <input_file_ref idref="fl-f6"/>
      </object_component>
      <object_component id="oc-12e">
         <name>.debug_info</name>
         <load_address>0x1520d</load_address>
         <run_address>0x1520d</run_address>
         <size>0x1a6</size>
         <input_file_ref idref="fl-f6"/>
      </object_component>
      <object_component id="oc-232">
         <name>.debug_info</name>
         <load_address>0x153b3</load_address>
         <run_address>0x153b3</run_address>
         <size>0x39</size>
         <input_file_ref idref="fl-f6"/>
      </object_component>
      <object_component id="oc-2ca">
         <name>.debug_info</name>
         <load_address>0x153ec</load_address>
         <run_address>0x153ec</run_address>
         <size>0x39</size>
         <input_file_ref idref="fl-f6"/>
      </object_component>
      <object_component id="oc-237">
         <name>.debug_info</name>
         <load_address>0x15425</load_address>
         <run_address>0x15425</run_address>
         <size>0x39</size>
         <input_file_ref idref="fl-f6"/>
      </object_component>
      <object_component id="oc-23c">
         <name>.debug_info</name>
         <load_address>0x1545e</load_address>
         <run_address>0x1545e</run_address>
         <size>0xcd</size>
         <input_file_ref idref="fl-f6"/>
      </object_component>
      <object_component id="oc-a1">
         <name>.debug_info</name>
         <load_address>0x1552b</load_address>
         <run_address>0x1552b</run_address>
         <size>0x153</size>
         <input_file_ref idref="fl-f7"/>
      </object_component>
      <object_component id="oc-2d7">
         <name>.debug_info</name>
         <load_address>0x1567e</load_address>
         <run_address>0x1567e</run_address>
         <size>0x28a</size>
         <input_file_ref idref="fl-fa"/>
      </object_component>
      <object_component id="oc-246">
         <name>.debug_info</name>
         <load_address>0x15908</load_address>
         <run_address>0x15908</run_address>
         <size>0x273</size>
         <input_file_ref idref="fl-fa"/>
      </object_component>
      <object_component id="oc-24e">
         <name>.debug_info</name>
         <load_address>0x15b7b</load_address>
         <run_address>0x15b7b</run_address>
         <size>0x2af</size>
         <input_file_ref idref="fl-fb"/>
      </object_component>
      <object_component id="oc-1e0">
         <name>.debug_info</name>
         <load_address>0x15e2a</load_address>
         <run_address>0x15e2a</run_address>
         <size>0x277</size>
         <input_file_ref idref="fl-fb"/>
      </object_component>
      <object_component id="oc-2f3">
         <name>.debug_info</name>
         <load_address>0x160a1</load_address>
         <run_address>0x160a1</run_address>
         <size>0x373</size>
         <input_file_ref idref="fl-fc"/>
      </object_component>
      <object_component id="oc-256">
         <name>.debug_info</name>
         <load_address>0x16414</load_address>
         <run_address>0x16414</run_address>
         <size>0x1bc</size>
         <input_file_ref idref="fl-fc"/>
      </object_component>
      <object_component id="oc-2f9">
         <name>.debug_info</name>
         <load_address>0x165d0</load_address>
         <run_address>0x165d0</run_address>
         <size>0x378</size>
         <input_file_ref idref="fl-fd"/>
      </object_component>
      <object_component id="oc-268">
         <name>.debug_info</name>
         <load_address>0x16948</load_address>
         <run_address>0x16948</run_address>
         <size>0x210</size>
         <input_file_ref idref="fl-fd"/>
      </object_component>
      <object_component id="oc-2ef">
         <name>.debug_info</name>
         <load_address>0x16b58</load_address>
         <run_address>0x16b58</run_address>
         <size>0x3a3</size>
         <input_file_ref idref="fl-fe"/>
      </object_component>
      <object_component id="oc-250">
         <name>.debug_info</name>
         <load_address>0x16efb</load_address>
         <run_address>0x16efb</run_address>
         <size>0x20c</size>
         <input_file_ref idref="fl-fe"/>
      </object_component>
      <object_component id="oc-2f5">
         <name>.debug_info</name>
         <load_address>0x17107</load_address>
         <run_address>0x17107</run_address>
         <size>0x377</size>
         <input_file_ref idref="fl-ff"/>
      </object_component>
      <object_component id="oc-25d">
         <name>.debug_info</name>
         <load_address>0x1747e</load_address>
         <run_address>0x1747e</run_address>
         <size>0x1fb</size>
         <input_file_ref idref="fl-ff"/>
      </object_component>
      <object_component id="oc-303">
         <name>.debug_info</name>
         <load_address>0x17679</load_address>
         <run_address>0x17679</run_address>
         <size>0x3d5</size>
         <input_file_ref idref="fl-100"/>
      </object_component>
      <object_component id="oc-274">
         <name>.debug_info</name>
         <load_address>0x17a4e</load_address>
         <run_address>0x17a4e</run_address>
         <size>0x236</size>
         <input_file_ref idref="fl-100"/>
      </object_component>
      <object_component id="oc-2fb">
         <name>.debug_info</name>
         <load_address>0x17c84</load_address>
         <run_address>0x17c84</run_address>
         <size>0x396</size>
         <input_file_ref idref="fl-101"/>
      </object_component>
      <object_component id="oc-26f">
         <name>.debug_info</name>
         <load_address>0x1801a</load_address>
         <run_address>0x1801a</run_address>
         <size>0x1c6</size>
         <input_file_ref idref="fl-101"/>
      </object_component>
      <object_component id="oc-2f7">
         <name>.debug_info</name>
         <load_address>0x181e0</load_address>
         <run_address>0x181e0</run_address>
         <size>0x378</size>
         <input_file_ref idref="fl-102"/>
      </object_component>
      <object_component id="oc-264">
         <name>.debug_info</name>
         <load_address>0x18558</load_address>
         <run_address>0x18558</run_address>
         <size>0x200</size>
         <input_file_ref idref="fl-102"/>
      </object_component>
      <object_component id="oc-33c">
         <name>.debug_info</name>
         <load_address>0x18758</load_address>
         <run_address>0x18758</run_address>
         <size>0x2bb</size>
         <input_file_ref idref="fl-103"/>
      </object_component>
      <object_component id="oc-339">
         <name>.debug_info</name>
         <load_address>0x18a13</load_address>
         <run_address>0x18a13</run_address>
         <size>0x108</size>
         <input_file_ref idref="fl-103"/>
      </object_component>
      <object_component id="oc-2e6">
         <name>.debug_info</name>
         <load_address>0x18b1b</load_address>
         <run_address>0x18b1b</run_address>
         <size>0x1df</size>
         <input_file_ref idref="fl-103"/>
      </object_component>
      <object_component id="oc-2ec">
         <name>.debug_info</name>
         <load_address>0x18cfa</load_address>
         <run_address>0x18cfa</run_address>
         <size>0x19a</size>
         <input_file_ref idref="fl-103"/>
      </object_component>
      <object_component id="oc-321">
         <name>.debug_info</name>
         <load_address>0x18e94</load_address>
         <run_address>0x18e94</run_address>
         <size>0x3cf</size>
         <input_file_ref idref="fl-106"/>
      </object_component>
      <object_component id="oc-29f">
         <name>.debug_info</name>
         <load_address>0x19263</load_address>
         <run_address>0x19263</run_address>
         <size>0x195</size>
         <input_file_ref idref="fl-106"/>
      </object_component>
      <object_component id="oc-34b">
         <name>.debug_info</name>
         <load_address>0x193f8</load_address>
         <run_address>0x193f8</run_address>
         <size>0x2a4</size>
         <input_file_ref idref="fl-108"/>
      </object_component>
      <object_component id="oc-2ff">
         <name>.debug_info</name>
         <load_address>0x1969c</load_address>
         <run_address>0x1969c</run_address>
         <size>0x24d</size>
         <input_file_ref idref="fl-108"/>
      </object_component>
      <object_component id="oc-323">
         <name>.debug_info</name>
         <load_address>0x198e9</load_address>
         <run_address>0x198e9</run_address>
         <size>0x3d1</size>
         <input_file_ref idref="fl-109"/>
      </object_component>
      <object_component id="oc-2a6">
         <name>.debug_info</name>
         <load_address>0x19cba</load_address>
         <run_address>0x19cba</run_address>
         <size>0x1a5</size>
         <input_file_ref idref="fl-109"/>
      </object_component>
      <object_component id="oc-3af">
         <name>.debug_info</name>
         <load_address>0x19e5f</load_address>
         <run_address>0x19e5f</run_address>
         <size>0x11a</size>
      </object_component>
      <object_component id="oc-162">
         <name>.debug_line</name>
         <load_address>0x0</load_address>
         <run_address>0x0</run_address>
         <size>0xd8</size>
[...]
      </symbol>
      <symbol id="sm-251">
         <name>Motor_Stop</name>
         <value>0x1375</value>
         <object_component_ref idref="oc-f7"/>
      </symbol>
      <symbol id="sm-252">
         <name>Motor_Forward</name>
         <value>0x12a1</value>
         <object_component_ref idref="oc-f7"/>
      </symbol>
      <symbol id="sm-287">
         <name>Reflectance_Sensor_End</name>
         <value>0x1175</value>
         <object_component_ref idref="oc-fd"/>
      </symbol>
      <symbol id="sm-288">
         <name>Reflectance_Sensor_Start</name>
         <value>0x1139</value>
         <object_component_ref idref="oc-fd"/>
      </symbol>
      <symbol id="sm-289">
         <name>Reflectance_Sensor_Read</name>
         <value>0x10d5</value>
         <object_component_ref idref="oc-fd"/>
      </symbol>
      <symbol id="sm-28a">
         <name>Reflectance_Sensor_Init</name>
         <value>0x1065</value>
         <object_component_ref idref="oc-fd"/>
      </symbol>
      <symbol id="sm-28b">
         <name>Reflectance_Sensor_Position</name>
         <value>0x119d</value>
         <object_component_ref idref="oc-fd"/>
      </symbol>
      <symbol id="sm-29a">
         <name>SysTick_Interrupt_Init</name>
         <value>0x2261</value>
         <object_component_ref idref="oc-115"/>
      </symbol>
      <symbol id="sm-2b2">
         <name>Timer_A0_PWM_Init</name>
         <value>0x16b1</value>
         <object_component_ref idref="oc-177"/>
      </symbol>
      <symbol id="sm-2b3">
         <name>Timer_A0_Update_Duty_Cycle_2</name>
         <value>0x1759</value>
         <object_component_ref idref="oc-177"/>
      </symbol>
      <symbol id="sm-2b4">
         <name>Timer_A0_Update_Duty_Cycle_1</name>
         <value>0x1739</value>
         <object_component_ref idref="oc-177"/>
      </symbol>
      <symbol id="sm-2cd">
         <name>Timer_A1_Interrupt_Init</name>
         <value>0x1acd</value>
         <object_component_ref idref="oc-70"/>
      </symbol>
      <symbol id="sm-2ce">
         <name>Timer_A1_Stop</name>
         <value>0x1b33</value>
         <object_component_ref idref="oc-70"/>
      </symbol>
      <symbol id="sm-2cf">
         <name>TA1_0_IRQHandler</name>
         <value>0x1b47</value>
         <object_component_ref idref="oc-70"/>
      </symbol>
      <symbol id="sm-335">
         <name>__TI_cleanup</name>
         <value>0x2311</value>
         <object_component_ref idref="oc-20a"/>
      </symbol>
      <symbol id="sm-336">
         <name>freopen</name>
         <value>0x23ad</value>
         <object_component_ref idref="oc-196"/>
      </symbol>
      <symbol id="sm-337">
         <name>fopen</name>
         <value>0x1b7d</value>
         <object_component_ref idref="oc-190"/>
      </symbol>
      <symbol id="sm-363">
         <name>setvbuf</name>
         <value>0x187d</value>
         <object_component_ref idref="oc-19c"/>
      </symbol>
      <symbol id="sm-384">
         <name>memcpy</name>
         <value>0x1c19</value>
         <object_component_ref idref="oc-3a"/>
      </symbol>
      <symbol id="sm-385">
         <name>__aeabi_memcpy</name>
         <value>0x1c19</value>
         <object_component_ref idref="oc-3a"/>
      </symbol>
      <symbol id="sm-386">
         <name>__aeabi_memcpy8</name>
         <value>0x1c19</value>
         <object_component_ref idref="oc-3a"/>
      </symbol>
      <symbol id="sm-387">
         <name>__aeabi_memcpy4</name>
         <value>0x1c19</value>
         <object_component_ref idref="oc-3a"/>
      </symbol>
      <symbol id="sm-396">
         <name>__aeabi_memset</name>
         <value>0x1cb7</value>
         <object_component_ref idref="oc-9a"/>
      </symbol>
      <symbol id="sm-397">
         <name>memset</name>
         <value>0x1cbd</value>
         <object_component_ref idref="oc-9a"/>
      </symbol>
      <symbol id="sm-398">
         <name>__aeabi_memset8</name>
         <value>0x1cb7</value>
         <object_component_ref idref="oc-9a"/>
      </symbol>
      <symbol id="sm-399">
         <name>__aeabi_memset4</name>
         <value>0x1cb7</value>
         <object_component_ref idref="oc-9a"/>
      </symbol>
      <symbol id="sm-39a">
         <name>__aeabi_memclr8</name>
         <value>0x1cb5</value>
         <object_component_ref idref="oc-9a"/>
      </symbol>
      <symbol id="sm-39b">
         <name>__aeabi_memclr4</name>
         <value>0x1cb5</value>
         <object_component_ref idref="oc-9a"/>
      </symbol>
      <symbol id="sm-39c">
         <name>__aeabi_memclr</name>
         <value>0x1cb5</value>
         <object_component_ref idref="oc-9a"/>
      </symbol>
      <symbol id="sm-3b1">
         <name>__TI_zero_init_nomemset</name>
         <value>0x24b9</value>
         <object_component_ref idref="oc-46"/>
      </symbol>
      <symbol id="sm-3c8">
         <name>__TI_decompress_none</name>
         <value>0x2547</value>
         <object_component_ref idref="oc-1d"/>
      </symbol>
      <symbol id="sm-3eb">
         <name>__TI_decompress_lzss</name>
         <value>0x1ee9</value>
         <object_component_ref idref="oc-17"/>
      </symbol>
      <symbol id="sm-411">
         <name>C$$EXIT</name>
         <value>0x256f</value>
         <object_component_ref idref="oc-11f"/>
      </symbol>
      <symbol id="sm-412">
         <name>abort</name>
         <value>0x256f</value>
         <object_component_ref idref="oc-11f"/>
      </symbol>
      <symbol id="sm-413">
         <name>__TI_dtors_ptr</name>
         <value>0x20000640</value>
         <object_component_ref idref="oc-1b0"/>
      </symbol>
      <symbol id="sm-414">
         <name>__TI_cleanup_ptr</name>
         <value>0x2000063c</value>
         <object_component_ref idref="oc-1b0"/>
      </symbol>
      <symbol id="sm-415">
         <name>__TI_enable_exit_profile_output</name>
         <value>0x20000644</value>
         <object_component_ref idref="oc-1b0"/>
      </symbol>
      <symbol id="sm-416">
         <name>exit</name>
         <value>0x2109</value>
         <object_component_ref idref="oc-125"/>
      </symbol>
      <symbol id="sm-42b">
         <name>_nop</name>
         <value>0x1d2f</value>
         <object_component_ref idref="oc-224"/>
      </symbol>
      <symbol id="sm-42c">
         <name>_lock</name>
         <value>0x20000648</value>
         <object_component_ref idref="oc-1b3"/>
      </symbol>
      <symbol id="sm-42d">
         <name>_unlock</name>
         <value>0x2000064c</value>
         <object_component_ref idref="oc-1b3"/>
      </symbol>
      <symbol id="sm-445">
         <name>__TI_tmpnams</name>
         <value>0x20000788</value>
      </symbol>
      <symbol id="sm-446">
         <name>__aeabi_stdout</name>
         <value>0x20000634</value>
         <object_component_ref idref="oc-1f2"/>
      </symbol>
      <symbol id="sm-447">
         <name>__aeabi_stderr</name>
         <value>0x20000638</value>
         <object_component_ref idref="oc-1f2"/>
      </symbol>
      <symbol id="sm-448">
         <name>__aeabi_stdin</name>
         <value>0x20000630</value>
         <object_component_ref idref="oc-1f2"/>
      </symbol>
      <symbol id="sm-449">
         <name>_ftable</name>
         <value>0x20000400</value>
         <object_component_ref idref="oc-1a2"/>
      </symbol>
      <symbol id="sm-44a">
         <name>__TI_ft_end</name>
         <value>0x2000062c</value>
         <object_component_ref idref="oc-1f2"/>
      </symbol>
      <symbol id="sm-4d0">
         <name>_sys_memory</name>
         <value>0x20000000</value>
         <object_component_ref idref="oc-29"/>
      </symbol>
      <symbol id="sm-4d1">
         <name>free</name>
         <value>0x1799</value>
         <object_component_ref idref="oc-1fe"/>
      </symbol>
      <symbol id="sm-4d2">
         <name>memalign</name>
         <value>0x14c9</value>
         <object_component_ref idref="oc-2ba"/>
      </symbol>
      <symbol id="sm-4d3">
         <name>malloc</name>
         <value>0x2563</value>
         <object_component_ref idref="oc-204"/>
      </symbol>
      <symbol id="sm-4d4">
         <name>aligned_alloc</name>
         <value>0x14c9</value>
         <object_component_ref idref="oc-2ba"/>
      </symbol>
      <symbol id="sm-4e4">
         <name>strchr</name>
         <value>0x2509</value>
         <object_component_ref idref="oc-34f"/>
      </symbol>
      <symbol id="sm-4f2">
         <name>strlen</name>
         <value>0x2533</value>
         <object_component_ref idref="oc-2dc"/>
      </symbol>
      <symbol id="sm-505">
         <name>__stack</name>
         <value>0x2000fe00</value>
         <object_component_ref idref="oc-2c"/>
      </symbol>
      <symbol id="sm-506">
         <name>_c_int00_noargs</name>
         <value>0x2379</value>
         <object_component_ref idref="oc-58"/>
      </symbol>
      <symbol id="sm-51b">
         <name>write</name>
         <value>0x2491</value>
         <object_component_ref idref="oc-318"/>
      </symbol>
      <symbol id="sm-52c">
         <name>_stream</name>
         <value>0x20000568</value>
         <object_component_ref idref="oc-312"/>
      </symbol>
      <symbol id="sm-52d">
         <name>_device</name>
         <value>0x200004f0</value>
         <object_component_ref idref="oc-1e6"/>
      </symbol>
      <symbol id="sm-54a">
         <name>open</name>
         <value>0x1959</value>
         <object_component_ref idref="oc-288"/>
      </symbol>
      <symbol id="sm-56a">
         <name>add_device</name>
         <value>0x1a15</value>
         <object_component_ref idref="oc-18a"/>
      </symbol>
      <symbol id="sm-583">
         <name>__TI_closefile</name>
         <value>0x1d31</value>
         <object_component_ref idref="oc-1f7"/>
      </symbol>
      <symbol id="sm-593">
         <name>__TI_doflush</name>
         <value>0x20bd</value>
         <object_component_ref idref="oc-298"/>
      </symbol>
      <symbol id="sm-5b2">
         <name>finddevice</name>
         <value>0x23e1</value>
         <object_component_ref idref="oc-1d9"/>
      </symbol>
      <symbol id="sm-5b3">
         <name>getdevice</name>
         <value>0x221d</value>
         <object_component_ref idref="oc-30b"/>
      </symbol>
      <symbol id="sm-5dc">
         <name>__TI_auto_init_nobinit_nopinit</name>
         <value>0x21d9</value>
         <object_component_ref idref="oc-12b"/>
      </symbol>
      <symbol id="sm-5e6">
         <name>_system_pre_init</name>
         <value>0x256b</value>
         <object_component_ref idref="oc-a0"/>
      </symbol>
      <symbol id="sm-5f7">
         <name>strcmp</name>
         <value>0x24f1</value>
         <object_component_ref idref="oc-245"/>
      </symbol>
      <symbol id="sm-607">
         <name>strncpy</name>
         <value>0x22d9</value>
         <object_component_ref idref="oc-1df"/>
      </symbol>
      <symbol id="sm-618">
         <name>HOSTclose</name>
         <value>0x2151</value>
         <object_component_ref idref="oc-255"/>
      </symbol>
      <symbol id="sm-629">
         <name>HOSTlseek</name>
         <value>0x1e81</value>
         <object_component_ref idref="oc-267"/>
      </symbol>
      <symbol id="sm-63b">
         <name>parmbuf</name>
         <value>0x20000828</value>
      </symbol>
      <symbol id="sm-63c">
         <name>HOSTopen</name>
         <value>0x1f51</value>
         <object_component_ref idref="oc-24f"/>
      </symbol>
      <symbol id="sm-64d">
         <name>HOSTread</name>
         <value>0x200d</value>
         <object_component_ref idref="oc-25b"/>
      </symbol>
      <symbol id="sm-65e">
         <name>HOSTrename</name>
         <value>0x1e15</value>
         <object_component_ref idref="oc-273"/>
      </symbol>
      <symbol id="sm-66f">
         <name>HOSTunlink</name>
         <value>0x2195</value>
         <object_component_ref idref="oc-26d"/>
      </symbol>
      <symbol id="sm-680">
         <name>HOSTwrite</name>
         <value>0x2065</value>
         <object_component_ref idref="oc-261"/>
      </symbol>
      <symbol id="sm-6a4">
         <name>__TI_readmsg</name>
         <value>0x2345</value>
         <object_component_ref idref="oc-2e8"/>
      </symbol>
      <symbol id="sm-6a5">
         <name>C$$IO$$</name>
         <value>0x22cf</value>
         <object_component_ref idref="oc-2e2"/>
      </symbol>
      <symbol id="sm-6a6">
         <name>__CIOBUF_</name>
         <value>0x20000668</value>
         <object_component_ref idref="oc-338"/>
      </symbol>
      <symbol id="sm-6a7">
         <name>__TI_writemsg</name>
         <value>0x22a1</value>
         <object_component_ref idref="oc-2e2"/>
      </symbol>
      <symbol id="sm-6bd">
         <name>close</name>
         <value>0x1fb1</value>
         <object_component_ref idref="oc-29e"/>
      </symbol>
      <symbol id="sm-6cc">
         <name>strcpy</name>
         <value>0x251f</value>
         <object_component_ref idref="oc-2fc"/>
      </symbol>
      <symbol id="sm-6dc">
         <name>unlink</name>
         <value>0x243d</value>
         <object_component_ref idref="oc-2a4"/>
      </symbol>
      <symbol id="sm-6dd">
         <name>__TI_static_base__</name>
         <value>0x0</value>
      </symbol>
      <symbol id="sm-6e0">
         <name>__mpu_init</name>
         <value>0x0</value>
      </symbol>
      <symbol id="sm-6e1">
         <name>_system_post_cinit</name>
         <value>0x0</value>
      </symbol>
      <symbol id="sm-6e2">
         <name>NMI_Handler</name>
         <value>0x2561</value>
      </symbol>
      <symbol id="sm-6e3">
         <name>HardFault_Handler</name>
         <value>0x2561</value>
      </symbol>
      <symbol id="sm-6e4">
         <name>MemManage_Handler</name>
         <value>0x2561</value>
      </symbol>
      <symbol id="sm-6e5">
         <name>BusFault_Handler</name>
         <value>0x2561</value>
      </symbol>
      <symbol id="sm-6e6">
         <name>UsageFault_Handler</name>
         <value>0x2561</value>
      </symbol>
      <symbol id="sm-6e7">
         <name>SVC_Handler</name>
         <value>0x2561</value>
      </symbol>
      <symbol id="sm-6e8">
         <name>DebugMon_Handler</name>
         <value>0x2561</value>
      </symbol>
      <symbol id="sm-6e9">
         <name>PendSV_Handler</name>
         <value>0x2561</value>
      </symbol>
      <symbol id="sm-6ea">
         <name>SysTick_Handler</name>
         <value>0x2561</value>
      </symbol>
      <symbol id="sm-6eb">
         <name>PSS_IRQHandler</name>
         <value>0x2561</value>
      </symbol>
      <symbol id="sm-6ec">
         <name>CS_IRQHandler</name>
         <value>0x2561</value>
      </symbol>
      <symbol id="sm-6ed">
         <name>PCM_IRQHandler</name>
         <value>0x2561</value>
      </symbol>
      <symbol id="sm-6ee">
         <name>WDT_A_IRQHandler</name>
         <value>0x2561</value>
      </symbol>
      <symbol id="sm-6ef">
         <name>FPU_IRQHandler</name>
         <value>0x2561</value>
      </symbol>
      <symbol id="sm-6f0">
         <name>FLCTL_IRQHandler</name>
         <value>0x2561</value>
      </symbol>
      <symbol id="sm-6f1">
         <name>COMP_E0_IRQHandler</name>
         <value>0x2561</value>
      </symbol>
      <symbol id="sm-6f2">
         <name>COMP_E1_IRQHandler</name>
         <value>0x2561</value>
      </symbol>
      <symbol id="sm-6f3">
         <name>TA0_0_IRQHandler</name>
         <value>0x2561</value>
      </symbol>
      <symbol id="sm-6f4">
         <name>TA0_N_IRQHandler</name>
         <value>0x2561</value>
      </symbol>
      <symbol id="sm-6f5">
         <name>TA1_0_IRQHandler</name>
         <value>0x1b47</value>
      </symbol>
      <symbol id="sm-6f6">
         <name>TA1_N_IRQHandler</name>
         <value>0x2561</value>
      </symbol>
      <symbol id="sm-6f7">
         <name>TA2_0_IRQHandler</name>
         <value>0x2561</value>
      </symbol>
      <symbol id="sm-6f8">
         <name>TA2_N_IRQHandler</name>
         <value>0x2561</value>
      </symbol>
      <symbol id="sm-6f9">
         <name>TA3_0_IRQHandler</name>
         <value>0x2561</value>
      </symbol>
      <symbol id="sm-6fa">
         <name>TA3_N_IRQHandler</name>
         <value>0x2561</value>
      </symbol>
      <symbol id="sm-6fb">
         <name>EUSCIA0_IRQHandler</name>
         <value>0x2561</value>
      </symbol>
      <symbol id="sm-6fc">
         <name>EUSCIA1_IRQHandler</name>
         <value>0x2561</value>
      </symbol>
      <symbol id="sm-6fd">
         <name>EUSCIA2_IRQHandler</name>
         <value>0x2561</value>
      </symbol>
      <symbol id="sm-6fe">
         <name>EUSCIA3_IRQHandler</name>
         <value>0x2561</value>
      </symbol>
      <symbol id="sm-6ff">
         <name>EUSCIB0_IRQHandler</name>
         <value>0x2561</value>
      </symbol>
      <symbol id="sm-700">
         <name>EUSCIB1_IRQHandler</name>
         <value>0x2561</value>
      </symbol>
      <symbol id="sm-701">
         <name>EUSCIB2_IRQHandler</name>
         <value>0x2561</value>
      </symbol>
      <symbol id="sm-702">
         <name>EUSCIB3_IRQHandler</name>
         <value>0x2561</value>
      </symbol>
      <symbol id="sm-703">
         <name>ADC14_IRQHandler</name>
         <value>0x2561</value>
      </symbol>
      <symbol id="sm-704">
         <name>T32_INT1_IRQHandler</name>
         <value>0x2561</value>
      </symbol>
      <symbol id="sm-705">
         <name>T32_INT2_IRQHandler</name>
         <value>0x2561</value>
      </symbol>
      <symbol id="sm-706">
         <name>T32_INTC_IRQHandler</name>
         <value>0x2561</value>
      </symbol>
      <symbol id="sm-707">
         <name>AES256_IRQHandler</name>
         <value>0x2561</value>
      </symbol>
      <symbol id="sm-708">
         <name>RTC_C_IRQHandler</name>
         <value>0x2561</value>
      </symbol>
      <symbol id="sm-709">
         <name>DMA_ERR_IRQHandler</name>
         <value>0x2561</value>
      </symbol>
      <symbol id="sm-70a">
         <name>DMA_INT3_IRQHandler</name>
         <value>0x2561</value>
      </symbol>
      <symbol id="sm-70b">
         <name>DMA_INT2_IRQHandler</name>
         <value>0x2561</value>
      </symbol>
      <symbol id="sm-70c">
         <name>DMA_INT1_IRQHandler</name>
         <value>0x2561</value>
      </symbol>
      <symbol id="sm-70d">
         <name>DMA_INT0_IRQHandler</name>
         <value>0x2561</value>
      </symbol>
      <symbol id="sm-70e">
         <name>PORT1_IRQHandler</name>
         <value>0x2561</value>
      </symbol>
      <symbol id="sm-70f">
         <name>PORT2_IRQHandler</name>
         <value>0x2561</value>
      </symbol>
      <symbol id="sm-710">
         <name>PORT3_IRQHandler</name>
         <value>0x2561</value>
      </symbol>
      <symbol id="sm-711">
         <name>PORT4_IRQHandler</name>
         <value>0x1667</value>
      </symbol>
      <symbol id="sm-712">
         <name>PORT5_IRQHandler</name>
         <value>0x2561</value>
      </symbol>
      <symbol id="sm-713">
         <name>PORT6_IRQHandler</name>
         <value>0x2561</value>
      </symbol>
      <symbol id="sm-714">
         <name>remove</name>
         <value>0x243d</value>
      </symbol>
   </symbol_table>
   <title>Link successful</title>
</link_info>
