******************************************************************************
                  TI ARM Linker PC v20.2.7                     
******************************************************************************
>> Linked Wed May  6 17:30:43 2026

OUTPUT FILE NAME:   <Line_Follower.out>
ENTRY POINT SYMBOL: "_c_int00_noargs"  address: 00002379


MEMORY CONFIGURATION

         name            origin    length      used     unused   attr    fill
----------------------  --------  ---------  --------  --------  ----  --------
  MAIN                  00000000   00040000  00002642  0003d9be  R  X
  INFO                  00200000   00004000  00000000  00004000  R  X
  SRAM_CODE             01000000   00010000  00000a38  0000f5c8  RW X
  SRAM_DATA             20000000   00010000  00000a38  0000f5c8  RW  


SEGMENT ALLOCATION MAP

run origin  load origin   length   init length attrs members
----------  ----------- ---------- ----------- ----- -------
00000000    00000000    00002648   00002648    r-x
  00000000    00000000    000000e4   000000e4    r-- .intvecs
  000000e4    000000e4    0000248e   0000248e    r-x .text
  00002578    00002578    000000d0   000000d0    r-- .cinit
20000000    20000000    00000838   00000000    rw-
  20000000    20000000    00000400   00000000    rw- .sysmem
  20000400    20000400    00000268   00000000    rw- .data
  20000668    20000668    000001d0   00000000    rw- .bss
2000fe00    2000fe00    00000200   00000000    rw-
  2000fe00    2000fe00    00000200   00000000    rw- .stack


SECTION ALLOCATION MAP

 output                                  attributes/
section   page    origin      length       input sections
--------  ----  ----------  ----------   ----------------
.intvecs   0    00000000    000000e4     
                  00000000    000000e4     startup_msp432p401r_ccs.obj (.intvecs:retain)

.text      0    000000e4    0000248e     
                  000000e4    00000470     EUSCI_A0_UART.obj (.text)
                  00000554    00000340     GPIO.obj (.text)
                  00000894    00000334     system_msp432p401r.obj (.text)
                  00000bc8    000002bc     main.obj (.text)
                  00000e84    000001e0     Clock.obj (.text)
                  00001064    000001dc     Reflectance_Sensor.obj (.text)
                  00001240    00000178     Motor.obj (.text)
                  000013b8    00000110     rtsv7M4_T_le_v4SPD16_eabi.lib : fopen.c.obj (.text:_openfile)
                  000014c8    00000100                                   : memory.c.obj (.text:aligned_alloc)
                  000015c8    000000e8     Bumper_Switches.obj (.text)
                  000016b0    000000e8     Timer_A0_PWM.obj (.text)
                  00001798    000000e4     rtsv7M4_T_le_v4SPD16_eabi.lib : memory.c.obj (.text:free)
                  0000187c    000000dc                                   : setvbuf.c.obj (.text:setvbuf)
                  00001958    000000bc                                   : open.c.obj (.text:open)
                  00001a14    000000b8                                   : add_device.c.obj (.text:add_device)
                  00001acc    000000b0     Timer_A1_Interrupt.obj (.text)
                  00001b7c    0000009c     rtsv7M4_T_le_v4SPD16_eabi.lib : fopen.c.obj (.text:fopen)
                  00001c18    0000009c                                   : memcpy_t2.asm.obj (.text)
                  00001cb4    0000007a                                   : memset_t2.asm.obj (.text)
                  00001d2e    00000002                                   : _lock.c.obj (.text:_nop)
                  00001d30    00000074                                   : fclose.c.obj (.text:__TI_closefile)
                  00001da4    00000070                                   : memory.c.obj (.text:split)
                  00001e14    0000006c                                   : hostrename.c.obj (.text:HOSTrename)
                  00001e80    00000068                                   : hostlseek.c.obj (.text:HOSTlseek)
                  00001ee8    00000068                                   : copy_decompress_lzss.c.obj (.text:decompress:lzss:__TI_decompress_lzss)
                  00001f50    00000060                                   : hostopen.c.obj (.text:HOSTopen)
                  00001fb0    0000005c                                   : close.c.obj (.text:close)
                  0000200c    00000058                                   : hostread.c.obj (.text:HOSTread)
                  00002064    00000058                                   : hostwrite.c.obj (.text:HOSTwrite)
                  000020bc    0000004c                                   : fflush.c.obj (.text:__TI_doflush)
                  00002108    00000048                                   : exit.c.obj (.text:exit)
                  00002150    00000044                                   : hostclose.c.obj (.text:HOSTclose)
                  00002194    00000044                                   : hostunlink.c.obj (.text:HOSTunlink)
                  000021d8    00000044                                   : autoinit.c.obj (.text:__TI_auto_init_nobinit_nopinit:__TI_auto_init_nobinit_nopinit)
                  0000221c    00000044                                   : getdevice.c.obj (.text:getdevice)
                  00002260    00000040     SysTick_Interrupt.obj (.text)
                  000022a0    00000038     rtsv7M4_T_le_v4SPD16_eabi.lib : trgmsg.c.obj (.text:__TI_writemsg)
                  000022d8    00000036                                   : strncpy.c.obj (.text:strncpy)
                  0000230e    00000002     --HOLE-- [fill = 0]
                  00002310    00000034                                   : fopen.c.obj (.text:__TI_cleanup)
                  00002344    00000034                                   : trgmsg.c.obj (.text:__TI_readmsg)
                  00002378    00000034                                   : boot_cortex_m.c.obj (.text:_c_int00_noargs:_c_int00_noargs)
                  000023ac    00000034                                   : fopen.c.obj (.text:freopen)
                  000023e0    00000030                                   : getdevice.c.obj (.text:finddevice)
                  00002410    0000002c     CortexM.obj (.text)
                  0000243c    0000002c     rtsv7M4_T_le_v4SPD16_eabi.lib : unlink.c.obj (.text:unlink)
                  00002468    00000028                                   : memory.c.obj (.text:free_list_insert)
                  00002490    00000028                                   : write.c.obj (.text:write)
                  000024b8    0000001c                                   : copy_zero_init.c.obj (.text:decompress:ZI:__TI_zero_init_nomemset:__TI_zero_init_nomemset)
                  000024d4    0000001c                                   : memory.c.obj (.text:free_list_remove)
                  000024f0    00000018                                   : strcmp.c.obj (.text:strcmp)
                  00002508    00000016                                   : strchr.c.obj (.text:strchr)
                  0000251e    00000014                                   : strcpy.c.obj (.text:strcpy)
                  00002532    00000014                                   : strlen.c.obj (.text:strlen)
                  00002546    0000000e                                   : copy_decompress_none.c.obj (.text:decompress:none:__TI_decompress_none)
                  00002554    0000000e     startup_msp432p401r_ccs.obj (.text)
                  00002562    00000008     rtsv7M4_T_le_v4SPD16_eabi.lib : memory.c.obj (.text:malloc)
                  0000256a    00000004                                   : pre_init.c.obj (.text:_system_pre_init)
                  0000256e    00000004                                   : exit.c.obj (.text:abort:abort)

.cinit     0    00002578    000000d0     
                  00002578    000000aa     (.cinit..data.load) [load image, compression = lzss]
                  00002622    00000002     --HOLE-- [fill = 0]
                  00002624    0000000c     (__TI_handler_table)
                  00002630    00000008     (.cinit..bss.load) [load image, compression = zero_init]
                  00002638    00000010     (__TI_cinit_table)

.init_array 
*          0    00000000    00000000     UNINITIALIZED

.binit     0    00000000    00000000     

.sysmem    0    20000000    00000400     UNINITIALIZED
                  20000000    00000010     rtsv7M4_T_le_v4SPD16_eabi.lib : memory.c.obj (.sysmem)
                  20000010    000003f0     --HOLE--

.data      0    20000400    00000268     UNINITIALIZED
                  20000400    000000f0     rtsv7M4_T_le_v4SPD16_eabi.lib : defs.c.obj (.data:_ftable)
                  200004f0    00000078                                   : host_device.c.obj (.data:_device)
                  20000568    00000050                                   : host_device.c.obj (.data:_stream)
                  200005b8    00000020     Reflectance_Sensor.obj (.data:Mask)
                  200005d8    00000020     Reflectance_Sensor.obj (.data:Weight)
                  200005f8    00000019     main.obj (.data)
                  20000611    00000003     --HOLE--
                  20000614    00000018     Clock.obj (.data)
                  2000062c    00000010     rtsv7M4_T_le_v4SPD16_eabi.lib : defs.c.obj (.data)
                  2000063c    0000000c                                   : exit.c.obj (.data:$O1$$)
                  20000648    00000008                                   : _lock.c.obj (.data:$O1$$)
                  20000650    00000008                                   : memory.c.obj (.data:$O1$$)
                  20000658    00000004                                   : add_device.c.obj (.data)
                  2000065c    00000004                                   : fopen.c.obj (.data)
                  20000660    00000004                                   : open.c.obj (.data)
                  20000664    00000004     system_msp432p401r.obj (.data)

.bss       0    20000668    000001d0     UNINITIALIZED
                  20000668    00000120     rtsv7M4_T_le_v4SPD16_eabi.lib : trgmsg.c.obj (.bss:_CIOBUF_)
                  20000788    000000a0     (.common:__TI_tmpnams)
                  20000828    00000008     (.common:parmbuf)
                  20000830    00000004     (.common:Bumper_Task)
                  20000834    00000004     (.common:Timer_A1_Task)

.stack     0    2000fe00    00000200     UNINITIALIZED
                  2000fe00    00000004     rtsv7M4_T_le_v4SPD16_eabi.lib : boot_cortex_m.c.obj (.stack)
                  2000fe04    000001fc     --HOLE--

__llvm_prf_cnts 
*          0    20000000    00000000     UNINITIALIZED

MODULE SUMMARY

       Module                        code   ro data   rw data
       ------                        ----   -------   -------
    .\
       system_msp432p401r.obj        820    0         8      
       main.obj                      700    0         58     
       startup_msp432p401r_ccs.obj   14     228       0      
    +--+-----------------------------+------+---------+---------+
       Total:                        1534   228       66     
                                                             
    .\src\
       EUSCI_A0_UART.obj             1136   0         0      
       GPIO.obj                      832    0         0      
       Reflectance_Sensor.obj        476    0         128    
       Clock.obj                     480    0         48     
       Motor.obj                     376    0         0      
       Bumper_Switches.obj           232    0         8      
       Timer_A0_PWM.obj              232    0         0      
       Timer_A1_Interrupt.obj        176    0         0      
       SysTick_Interrupt.obj         64     0         0      
       CortexM.obj                   44     0         0      
    +--+-----------------------------+------+---------+---------+
       Total:                        4048   0         184    
                                                             
    C:\ti\ccs1260\ccs\tools\compiler\ti-cgt-arm_20.2.7.LTS\lib\rtsv7M4_T_le_v4SPD16_eabi.lib
       defs.c.obj                    0      0         832    
       memory.c.obj                  672    0         16     
       trgmsg.c.obj                  108    0         576    
       fopen.c.obj                   532    0         8      
       host_device.c.obj             0      0         400    
       setvbuf.c.obj                 220    0         0      
       open.c.obj                    188    0         8      
       add_device.c.obj              184    0         8      
       memcpy_t2.asm.obj             156    0         0      
       memset_t2.asm.obj             122    0         0      
       fclose.c.obj                  116    0         0      
       getdevice.c.obj               116    0         0      
       hostopen.c.obj                96     0         16     
       hostrename.c.obj              108    0         0      
       copy_decompress_lzss.c.obj    104    0         0      
       hostlseek.c.obj               104    0         0      
       exit.c.obj                    76     0         24     
       close.c.obj                   92     0         0      
       hostread.c.obj                88     0         0      
       hostwrite.c.obj               88     0         0      
       fflush.c.obj                  76     0         0      
       autoinit.c.obj                68     0         0      
       hostclose.c.obj               68     0         0      
       hostunlink.c.obj              68     0         0      
       strncpy.c.obj                 54     0         0      
       boot_cortex_m.c.obj           52     0         0      
       unlink.c.obj                  44     0         0      
       write.c.obj                   40     0         0      
       copy_zero_init.c.obj          28     0         0      
       strcmp.c.obj                  24     0         0      
       strchr.c.obj                  22     0         0      
       strcpy.c.obj                  20     0         0      
       strlen.c.obj                  20     0         0      
       _lock.c.obj                   2      0         16     
       copy_decompress_none.c.obj    14     0         0      
       pre_init.c.obj                4      0         0      
    +--+-----------------------------+------+---------+---------+
       Total:                        3774   0         1904   
                                                             
       Heap:                         0      0         2048   
       Stack:                        0      0         1024   
       Linker Generated:             0      206       0      
    +--+-----------------------------+------+---------+---------+
       Grand Total:                  9356   434       5226   


LINKER GENERATED COPY TABLES

__TI_cinit_table @ 00002638 records: 2, size/record: 8, table size: 16
	.data: load addr=00002578, load size=000000aa bytes, run addr=20000400, run size=00000268 bytes, compression=lzss
	.bss: load addr=00002630, load size=00000008 bytes, run addr=20000668, run size=000001d0 bytes, compression=zero_init


LINKER GENERATED HANDLER TABLE

__TI_handler_table @ 00002624 records: 3, size/record: 4, table size: 12
	index: 0, handler: __TI_decompress_lzss
	index: 1, handler: __TI_decompress_none
	index: 2, handler: __TI_zero_init


GLOBAL SYMBOLS: SORTED ALPHABETICALLY BY Name 

address   name                           
-------   ----                           
00002561  ADC14_IRQHandler               
00002561  AES256_IRQHandler              
0000163b  Bumper_Read                    
000015c9  Bumper_Switches_Init           
20000830  Bumper_Task                    
00002561  BusFault_Handler               
00000647  Buttons_Init                   
0000256f  C$$EXIT                        
000022cf  C$$IO$$                        
00002561  COMP_E0_IRQHandler             
00002561  COMP_E1_IRQHandler             
2000061c  CPMwait                        
00002561  CS_IRQHandler                  
0000080b  Chassis_Board_LEDs_Init        
20000614  ClockFrequency                 
00000fd9  Clock_Delay1ms                 
00000faf  Clock_Delay1us                 
00000f9b  Clock_GetFreq                  
00000e85  Clock_Init48MHz                
20000628  Crystalstable                  
00002561  DMA_ERR_IRQHandler             
00002561  DMA_INT0_IRQHandler            
00002561  DMA_INT1_IRQHandler            
00002561  DMA_INT2_IRQHandler            
00002561  DMA_INT3_IRQHandler            
00002561  DebugMon_Handler               
00002561  Default_Handler                
00000bd9  Detect_Line_Position           
00002411  DisableInterrupts              
00002561  EUSCIA0_IRQHandler             
00002561  EUSCIA1_IRQHandler             
00002561  EUSCIA2_IRQHandler             
00002561  EUSCIA3_IRQHandler             
00002561  EUSCIB0_IRQHandler             
00002561  EUSCIB1_IRQHandler             
00002561  EUSCIB2_IRQHandler             
00002561  EUSCIB3_IRQHandler             
00000425  EUSCI_A0_UART_Close            
0000012f  EUSCI_A0_UART_InChar           
0000015b  EUSCI_A0_UART_InString         
000001f3  EUSCI_A0_UART_InUDec           
000000e5  EUSCI_A0_UART_Init             
000004c7  EUSCI_A0_UART_Init_Printf      
0000049d  EUSCI_A0_UART_LSeek            
00000415  EUSCI_A0_UART_Open             
0000013f  EUSCI_A0_UART_OutChar          
000002a7  EUSCI_A0_UART_OutSDec          
000001d5  EUSCI_A0_UART_OutString        
00000277  EUSCI_A0_UART_OutUDec          
000002c9  EUSCI_A0_UART_OutUFix          
000003d5  EUSCI_A0_UART_OutUHex          
00000431  EUSCI_A0_UART_Read             
000004b9  EUSCI_A0_UART_Rename           
000004ad  EUSCI_A0_UART_Unlink           
0000045b  EUSCI_A0_UART_Write            
00002417  EnableInterrupts               
00002427  EndCritical                    
00002561  FLCTL_IRQHandler               
00002561  FPU_IRQHandler                 
0000067d  Get_Buttons_Status             
00000709  Get_PMOD_SWT_Status            
00002151  HOSTclose                      
00001e81  HOSTlseek                      
00001f51  HOSTopen                       
0000200d  HOSTread                       
00001e15  HOSTrename                     
00002195  HOSTunlink                     
00002065  HOSTwrite                      
00002561  HardFault_Handler              
20000624  IFlags                         
00000555  LED1_Init                      
0000057f  LED1_Output                    
000005ab  LED1_Status                    
0000059d  LED1_Toggle                    
000005c3  LED2_Init                      
000005f7  LED2_Output                    
0000062f  LED2_Status                    
00000615  LED2_Toggle                    
000007d5  LED_Controller                 
00000721  LED_Pattern_1                  
00000791  LED_Pattern_2                  
00002561  MemManage_Handler              
000012d1  Motor_Backward                 
000012a1  Motor_Forward                  
00001241  Motor_Init                     
00001301  Motor_Left                     
0000133b  Motor_Right                    
00001375  Motor_Stop                     
00002561  NMI_Handler                    
00002561  PCM_IRQHandler                 
00000695  PMOD_8LD_Init                  
000006c9  PMOD_8LD_Output                
000006e9  PMOD_SWT_Init                  
00002561  PORT1_IRQHandler               
00002561  PORT2_IRQHandler               
00002561  PORT3_IRQHandler               
00001667  PORT4_IRQHandler               
00001667  PORT4_IRQHandler               
00002561  PORT5_IRQHandler               
00002561  PORT6_IRQHandler               
00002561  PSS_IRQHandler                 
00002561  PendSV_Handler                 
20000620  Postwait                       
20000618  Prewait                        
00002561  RTC_C_IRQHandler               
00001175  Reflectance_Sensor_End         
00001065  Reflectance_Sensor_Init        
0000119d  Reflectance_Sensor_Position    
000010d5  Reflectance_Sensor_Read        
00001139  Reflectance_Sensor_Start       
00002555  Reset_Handler                  
00002561  SVC_Handler                    
0000241d  StartCritical                  
00002561  SysTick_Handler                
00002261  SysTick_Interrupt_Init         
20000664  SystemCoreClock                
00000895  SystemCoreClockUpdate          
00000b0d  SystemInit                     
00002561  T32_INT1_IRQHandler            
00002561  T32_INT2_IRQHandler            
00002561  T32_INTC_IRQHandler            
00002561  TA0_0_IRQHandler               
00002561  TA0_N_IRQHandler               
00001b47  TA1_0_IRQHandler               
00001b47  TA1_0_IRQHandler               
00002561  TA1_N_IRQHandler               
00002561  TA2_0_IRQHandler               
00002561  TA2_N_IRQHandler               
00002561  TA3_0_IRQHandler               
00002561  TA3_N_IRQHandler               
000016b1  Timer_A0_PWM_Init              
00001739  Timer_A0_Update_Duty_Cycle_1   
00001759  Timer_A0_Update_Duty_Cycle_2   
00001acd  Timer_A1_Interrupt_Init        
00000de9  Timer_A1_Periodic_Task         
00001b33  Timer_A1_Stop                  
20000834  Timer_A1_Task                  
000002f1  UART0_InUHex                   
00002561  UsageFault_Handler             
4000480c  WDTCTL_SYM                     
00002561  WDT_A_IRQHandler               
00002437  WaitForInterrupt               
20000668  __CIOBUF_                      
20010000  __STACK_END                    
00000200  __STACK_SIZE                   
00000400  __SYSMEM_SIZE                  
00002638  __TI_CINIT_Base                
00002648  __TI_CINIT_Limit               
00002624  __TI_Handler_Table_Base        
00002630  __TI_Handler_Table_Limit       
000021d9  __TI_auto_init_nobinit_nopinit 
00002311  __TI_cleanup                   
2000063c  __TI_cleanup_ptr               
00001d31  __TI_closefile                 
00001ee9  __TI_decompress_lzss           
00002547  __TI_decompress_none           
000020bd  __TI_doflush                   
20000640  __TI_dtors_ptr                 
20000644  __TI_enable_exit_profile_output
2000062c  __TI_ft_end                    
ffffffff  __TI_pprof_out_hndl            
ffffffff  __TI_prof_data_size            
ffffffff  __TI_prof_data_start           
00002345  __TI_readmsg                   
00000000  __TI_static_base__             
20000788  __TI_tmpnams                   
000022a1  __TI_writemsg                  
000024b9  __TI_zero_init_nomemset        
00001cb5  __aeabi_memclr                 
00001cb5  __aeabi_memclr4                
00001cb5  __aeabi_memclr8                
00001c19  __aeabi_memcpy                 
00001c19  __aeabi_memcpy4                
00001c19  __aeabi_memcpy8                
00001cb7  __aeabi_memset                 
00001cb7  __aeabi_memset4                
00001cb7  __aeabi_memset8                
20000638  __aeabi_stderr                 
20000630  __aeabi_stdin                  
20000634  __aeabi_stdout                 
ffffffff  __binit__                      
ffffffff  __c_args__                     
UNDEFED   __mpu_init                     
2000fe00  __stack                        
20000000  __start___llvm_prf_cnts        
20000000  __stop___llvm_prf_cnts         
00002379  _c_int00_noargs                
200004f0  _device                        
20000400  _ftable                        
20000648  _lock                          
00001d2f  _nop                           
20000568  _stream                        
20000000  _sys_memory                    
UNDEFED   _system_post_cinit             
0000256b  _system_pre_init               
2000064c  _unlock                        
0000256f  abort                          
00001a15  add_device                     
000014c9  aligned_alloc                  
ffffffff  binit                          
00001fb1  close                          
00000fa1  delay                          
00002109  exit                           
000023e1  finddevice                     
00001b7d  fopen                          
00001799  free                           
000023ad  freopen                        
0000221d  getdevice                      
00000000  interruptVectors               
00000e2b  main                           
00002563  malloc                         
000014c9  memalign                       
00001c19  memcpy                         
00001cbd  memset                         
00001959  open                           
20000828  parmbuf                        
0000243d  remove                         
0000187d  setvbuf                        
00002509  strchr                         
000024f1  strcmp                         
0000251f  strcpy                         
00002533  strlen                         
000022d9  strncpy                        
0000243d  unlink                         
00002491  write                          


GLOBAL SYMBOLS: SORTED BY Symbol Address 

address   name                           
-------   ----                           
00000000  __TI_static_base__             
00000000  interruptVectors               
000000e5  EUSCI_A0_UART_Init             
0000012f  EUSCI_A0_UART_InChar           
0000013f  EUSCI_A0_UART_OutChar          
0000015b  EUSCI_A0_UART_InString         
000001d5  EUSCI_A0_UART_OutString        
000001f3  EUSCI_A0_UART_InUDec           
00000200  __STACK_SIZE                   
00000277  EUSCI_A0_UART_OutUDec          
000002a7  EUSCI_A0_UART_OutSDec          
000002c9  EUSCI_A0_UART_OutUFix          
000002f1  UART0_InUHex                   
000003d5  EUSCI_A0_UART_OutUHex          
00000400  __SYSMEM_SIZE                  
00000415  EUSCI_A0_UART_Open             
00000425  EUSCI_A0_UART_Close            
00000431  EUSCI_A0_UART_Read             
0000045b  EUSCI_A0_UART_Write            
0000049d  EUSCI_A0_UART_LSeek            
000004ad  EUSCI_A0_UART_Unlink           
000004b9  EUSCI_A0_UART_Rename           
000004c7  EUSCI_A0_UART_Init_Printf      
00000555  LED1_Init                      
0000057f  LED1_Output                    
0000059d  LED1_Toggle                    
000005ab  LED1_Status                    
000005c3  LED2_Init                      
000005f7  LED2_Output                    
00000615  LED2_Toggle                    
0000062f  LED2_Status                    
00000647  Buttons_Init                   
0000067d  Get_Buttons_Status             
00000695  PMOD_8LD_Init                  
000006c9  PMOD_8LD_Output                
000006e9  PMOD_SWT_Init                  
00000709  Get_PMOD_SWT_Status            
00000721  LED_Pattern_1                  
00000791  LED_Pattern_2                  
000007d5  LED_Controller                 
0000080b  Chassis_Board_LEDs_Init        
00000895  SystemCoreClockUpdate          
00000b0d  SystemInit                     
00000bd9  Detect_Line_Position           
00000de9  Timer_A1_Periodic_Task         
00000e2b  main                           
00000e85  Clock_Init48MHz                
00000f9b  Clock_GetFreq                  
00000fa1  delay                          
00000faf  Clock_Delay1us                 
00000fd9  Clock_Delay1ms                 
00001065  Reflectance_Sensor_Init        
000010d5  Reflectance_Sensor_Read        
00001139  Reflectance_Sensor_Start       
00001175  Reflectance_Sensor_End         
0000119d  Reflectance_Sensor_Position    
00001241  Motor_Init                     
000012a1  Motor_Forward                  
000012d1  Motor_Backward                 
00001301  Motor_Left                     
0000133b  Motor_Right                    
00001375  Motor_Stop                     
000014c9  aligned_alloc                  
000014c9  memalign                       
000015c9  Bumper_Switches_Init           
0000163b  Bumper_Read                    
00001667  PORT4_IRQHandler               
00001667  PORT4_IRQHandler               
000016b1  Timer_A0_PWM_Init              
00001739  Timer_A0_Update_Duty_Cycle_1   
00001759  Timer_A0_Update_Duty_Cycle_2   
00001799  free                           
0000187d  setvbuf                        
00001959  open                           
00001a15  add_device                     
00001acd  Timer_A1_Interrupt_Init        
00001b33  Timer_A1_Stop                  
00001b47  TA1_0_IRQHandler               
00001b47  TA1_0_IRQHandler               
00001b7d  fopen                          
00001c19  __aeabi_memcpy                 
00001c19  __aeabi_memcpy4                
00001c19  __aeabi_memcpy8                
00001c19  memcpy                         
00001cb5  __aeabi_memclr                 
00001cb5  __aeabi_memclr4                
00001cb5  __aeabi_memclr8                
00001cb7  __aeabi_memset                 
00001cb7  __aeabi_memset4                
00001cb7  __aeabi_memset8                
00001cbd  memset                         
00001d2f  _nop                           
00001d31  __TI_closefile                 
00001e15  HOSTrename                     
00001e81  HOSTlseek                      
00001ee9  __TI_decompress_lzss           
00001f51  HOSTopen                       
00001fb1  close                          
0000200d  HOSTread                       
00002065  HOSTwrite                      
000020bd  __TI_doflush                   
00002109  exit                           
00002151  HOSTclose                      
00002195  HOSTunlink                     
000021d9  __TI_auto_init_nobinit_nopinit 
0000221d  getdevice                      
00002261  SysTick_Interrupt_Init         
000022a1  __TI_writemsg                  
000022cf  C$$IO$$                        
000022d9  strncpy                        
00002311  __TI_cleanup                   
00002345  __TI_readmsg                   
00002379  _c_int00_noargs                
000023ad  freopen                        
000023e1  finddevice                     
00002411  DisableInterrupts              
00002417  EnableInterrupts               
0000241d  StartCritical                  
00002427  EndCritical                    
00002437  WaitForInterrupt               
0000243d  remove                         
0000243d  unlink                         
00002491  write                          
000024b9  __TI_zero_init_nomemset        
000024f1  strcmp                         
00002509  strchr                         
0000251f  strcpy                         
00002533  strlen                         
00002547  __TI_decompress_none           
00002555  Reset_Handler                  
00002561  ADC14_IRQHandler               
00002561  AES256_IRQHandler              
00002561  BusFault_Handler               
00002561  COMP_E0_IRQHandler             
00002561  COMP_E1_IRQHandler             
00002561  CS_IRQHandler                  
00002561  DMA_ERR_IRQHandler             
00002561  DMA_INT0_IRQHandler            
00002561  DMA_INT1_IRQHandler            
00002561  DMA_INT2_IRQHandler            
00002561  DMA_INT3_IRQHandler            
00002561  DebugMon_Handler               
00002561  Default_Handler                
00002561  EUSCIA0_IRQHandler             
00002561  EUSCIA1_IRQHandler             
00002561  EUSCIA2_IRQHandler             
00002561  EUSCIA3_IRQHandler             
00002561  EUSCIB0_IRQHandler             
00002561  EUSCIB1_IRQHandler             
00002561  EUSCIB2_IRQHandler             
00002561  EUSCIB3_IRQHandler             
00002561  FLCTL_IRQHandler               
00002561  FPU_IRQHandler                 
00002561  HardFault_Handler              
00002561  MemManage_Handler              
00002561  NMI_Handler                    
00002561  PCM_IRQHandler                 
00002561  PORT1_IRQHandler               
00002561  PORT2_IRQHandler               
00002561  PORT3_IRQHandler               
00002561  PORT5_IRQHandler               
00002561  PORT6_IRQHandler               
00002561  PSS_IRQHandler                 
00002561  PendSV_Handler                 
00002561  RTC_C_IRQHandler               
00002561  SVC_Handler                    
00002561  SysTick_Handler                
00002561  T32_INT1_IRQHandler            
00002561  T32_INT2_IRQHandler            
00002561  T32_INTC_IRQHandler            
00002561  TA0_0_IRQHandler               
00002561  TA0_N_IRQHandler               
00002561  TA1_N_IRQHandler               
00002561  TA2_0_IRQHandler               
00002561  TA2_N_IRQHandler               
00002561  TA3_0_IRQHandler               
00002561  TA3_N_IRQHandler               
00002561  UsageFault_Handler             
00002561  WDT_A_IRQHandler               
00002563  malloc                         
0000256b  _system_pre_init               
0000256f  C$$EXIT                        
0000256f  abort                          
00002624  __TI_Handler_Table_Base        
00002630  __TI_Handler_Table_Limit       
00002638  __TI_CINIT_Base                
00002648  __TI_CINIT_Limit               
20000000  __start___llvm_prf_cnts        
20000000  __stop___llvm_prf_cnts         
20000000  _sys_memory                    
20000400  _ftable                        
200004f0  _device                        
20000568  _stream                        
20000614  ClockFrequency                 
20000618  Prewait                        
2000061c  CPMwait                        
20000620  Postwait                       
20000624  IFlags                         
20000628  Crystalstable                  
2000062c  __TI_ft_end                    
20000630  __aeabi_stdin                  
20000634  __aeabi_stdout                 
20000638  __aeabi_stderr                 
2000063c  __TI_cleanup_ptr               
20000640  __TI_dtors_ptr                 
20000644  __TI_enable_exit_profile_output
20000648  _lock                          
2000064c  _unlock                        
20000664  SystemCoreClock                
20000668  __CIOBUF_                      
20000788  __TI_tmpnams                   
20000828  parmbuf                        
20000830  Bumper_Task                    
20000834  Timer_A1_Task                  
2000fe00  __stack                        
20010000  __STACK_END                    
4000480c  WDTCTL_SYM                     
ffffffff  __TI_pprof_out_hndl            
ffffffff  __TI_prof_data_size            
ffffffff  __TI_prof_data_start           
ffffffff  __binit__                      
ffffffff  __c_args__                     
ffffffff  binit                          
UNDEFED   __mpu_init                     
UNDEFED   _system_post_cinit             

[225 symbols]
